MPLINK 5.00, LINKER
Linker Map File - Created Sat Jul 18 05:53:22 2020

                                 Section Info
                  Section       Type    Address   Location Size(Bytes)
                ---------  ---------  ---------  ---------  ---------
               _entry_scn       code   0x000000    program   0x000006
           .code___init.o       code   0x000006    program   0x000002
      InterruptVectorHigh       code   0x000008    program   0x000006
         .romdata_timer.o    romdata   0x00000e    program   0x000000
           .romdata_lcd.o    romdata   0x00000e    program   0x000000
           .romdata_i2c.o    romdata   0x00000e    program   0x000000
     .romdata_interrupt.o    romdata   0x00000e    program   0x000000
        .romdata_button.o    romdata   0x00000e    program   0x000000
           .romdata_adc.o    romdata   0x00000e    program   0x000000
           .idata_pwm.o_i    romdata   0x00000e    program   0x000001
           .romdata_pwm.o    romdata   0x00000e    program   0x000000
.romdata_simulate_machine.o    romdata   0x00000e    program   0x000000
      .romdata_fxd0808u.o    romdata   0x00000e    program   0x000000
      .romdata_fxd1616u.o    romdata   0x00000e    program   0x000000
      .romdata_fxd2424u.o    romdata   0x00000e    program   0x000000
         .romdata_c018i.o    romdata   0x00000e    program   0x000000
      .romdata_fxd3232u.o    romdata   0x00000e    program   0x000000
          .idata_uart.o_i    romdata   0x00000e    program   0x000000
       .romdata_fxm3232.o    romdata   0x00000e    program   0x000000
          .romdata_main.o    romdata   0x00000e    program   0x000000
          .romdata_uart.o    romdata   0x00000e    program   0x000000
        .romdata___init.o    romdata   0x00000e    program   0x000000
     .idata_interrupt.o_i    romdata   0x00000f    program   0x000004
         .idata_c018i.o_i    romdata   0x000013    program   0x000000
           .idata_adc.o_i    romdata   0x000013    program   0x000000
        .idata___init.o_i    romdata   0x000013    program   0x000000
      .idata_fxd0808u.o_i    romdata   0x000013    program   0x000000
       .idata_fxm3232.o_i    romdata   0x000013    program   0x000000
      .idata_fxd1616u.o_i    romdata   0x000013    program   0x000000
      .idata_fxd2424u.o_i    romdata   0x000013    program   0x000000
      .idata_fxd3232u.o_i    romdata   0x000013    program   0x000000
            .code_c018i.o       code   0x000014    program   0x000000
       InterruptVectorLow       code   0x000018    program   0x000006
                   .cinit    romdata   0x00001e    program   0x000062
             .code_main.o       code   0x000080    program   0x000e8a
              .code_lcd.o       code   0x000f0a    program   0x00087c
           .code_button.o       code   0x001786    program   0x00036e
              .code_i2c.o       code   0x001af4    program   0x00028c
            .code_timer.o       code   0x001d80    program   0x000264
        .code_interrupt.o       code   0x001fe4    program   0x00017c
             .code_uart.o       code   0x002160    program   0x000122
 .code_simulate_machine.o       code   0x002282    program   0x000122
             .stringtable    romdata   0x0023a4    program   0x0000e2
                     PROG       code   0x002486    program   0x0000a6
               _cinit_scn       code   0x00252c    program   0x00009e
              .code_adc.o       code   0x0025ca    program   0x000090
          .code_fxm3232.o       code   0x00265a    program   0x000070
         .code_fxd3232u.o       code   0x0026ca    program   0x000048
         .code_fxd2424u.o       code   0x002712    program   0x00003a
              .code_pwm.o       code   0x00274c    program   0x000038
         .code_fxd1616u.o       code   0x002784    program   0x00002c
                    .code       code   0x0027b0    program   0x000020
             _startup_scn       code   0x0027d0    program   0x00001c
         .code_fxd0808u.o       code   0x0027ec    program   0x00001c
         .idata_timer.o_i    romdata   0x002808    program   0x000020
.idata_simulate_machine.o_i    romdata   0x002828    program   0x000013
          .idata_main.o_i    romdata   0x00283b    program   0x00005a
           .idata_lcd.o_i    romdata   0x002895    program   0x000061
           .idata_i2c.o_i    romdata   0x0028f6    program   0x00001b
        .idata_button.o_i    romdata   0x002911    program   0x000028
    .config_300001_main.o    romdata   0x300001    program   0x000001
    .config_300002_main.o    romdata   0x300002    program   0x000001
    .config_300003_main.o    romdata   0x300003    program   0x000001
    .config_300005_main.o    romdata   0x300005    program   0x000001
    .config_300006_main.o    romdata   0x300006    program   0x000001
    .config_300008_main.o    romdata   0x300008    program   0x000001
    .config_300009_main.o    romdata   0x300009    program   0x000001
    .config_30000a_main.o    romdata   0x30000a    program   0x000001
    .config_30000b_main.o    romdata   0x30000b    program   0x000001
    .config_30000c_main.o    romdata   0x30000c    program   0x000001
    .config_30000d_main.o    romdata   0x30000d    program   0x000001
                MATH_DATA      udata   0x000000       data   0x000010
                 .tmpdata      udata   0x000010       data   0x00000a
.udata_simulate_machine.o      udata   0x000080       data   0x000065
             .idata_i2c.o      idata   0x0000e5       data   0x00001b
            .idata_main.o      idata   0x000100       data   0x00005a
          .idata_button.o      idata   0x00015a       data   0x000028
           .idata_timer.o      idata   0x000182       data   0x000020
.idata_simulate_machine.o      idata   0x0001a2       data   0x000013
           .udata_c018i.o      udata   0x0001b5       data   0x00000a
            .udata_main.o      udata   0x0001bf       data   0x000006
       .idata_interrupt.o      idata   0x0001c5       data   0x000004
             .udata_i2c.o      udata   0x0001c9       data   0x000001
             .idata_pwm.o      idata   0x0001ca       data   0x000001
        .udata_fxd1616u.o      udata   0x0001cb       data   0x000000
        .idata_fxd0808u.o      idata   0x0001cb       data   0x000000
        .idata_fxd1616u.o      idata   0x0001cb       data   0x000000
        .udata_fxd0808u.o      udata   0x0001cb       data   0x000000
        .udata_fxd2424u.o      udata   0x0001cb       data   0x000000
        .idata_fxd2424u.o      idata   0x0001cb       data   0x000000
        .udata_fxd3232u.o      udata   0x0001cb       data   0x000000
        .idata_fxd3232u.o      idata   0x0001cb       data   0x000000
         .udata_fxm3232.o      udata   0x0001cb       data   0x000000
         .idata_fxm3232.o      idata   0x0001cb       data   0x000000
          .udata___init.o      udata   0x0001cb       data   0x000000
          .idata___init.o      idata   0x0001cb       data   0x000000
             .idata_adc.o      idata   0x0001cb       data   0x000000
           .udata_timer.o      udata   0x0001cb       data   0x000000
       .udata_interrupt.o      udata   0x0001cb       data   0x000000
          .udata_button.o      udata   0x0001cb       data   0x000000
            .idata_uart.o      idata   0x0001cb       data   0x000000
            .udata_uart.o      udata   0x0001cb       data   0x000000
           .idata_c018i.o      idata   0x0001cb       data   0x000000
                   .stack      udata   0x000e00       data   0x000100
             .idata_lcd.o      idata   0x000f00       data   0x000061
             .udata_adc.o      udata   0x000f61       data   0x00001a
             .udata_lcd.o      udata   0x000f7b       data   0x000004
             .udata_pwm.o      udata   0x000f7f       data   0x000001
            SFR_UNBANKED0      udata   0x000f80       data   0x000080



                              Program Memory Usage 
                               Start         End      
                           ---------   ---------      
                            0x000000    0x000012      
                            0x000018    0x002938      
                            0x300001    0x300003      
                            0x300005    0x300006      
                            0x300008    0x30000d      
            10559 out of 66584 program addresses used, program memory utilization is 15%



                              Symbols - Sorted by Name
                     Name    Address   Location    Storage File                     
                ---------  ---------  ---------  --------- ---------                
          AppTrafficLight   0x00044a    program     extern C:\Users\VanTrieu\Downloads\VDK-11-5\Bai5_TRAFFIC_UART\main.c
                  BCD2Dec   0x001af4    program     extern C:\Users\VanTrieu\Downloads\VDK-11-5\Bai5_TRAFFIC_UART\i2c\i2c.c
              CloseOutput   0x0001d6    program     extern C:\Users\VanTrieu\Downloads\VDK-11-5\Bai5_TRAFFIC_UART\main.c
             CloseOutputA   0x0001f6    program     extern C:\Users\VanTrieu\Downloads\VDK-11-5\Bai5_TRAFFIC_UART\main.c
             CloseOutputE   0x000216    program     extern C:\Users\VanTrieu\Downloads\VDK-11-5\Bai5_TRAFFIC_UART\main.c
                   D1616S   0x0024a8    program     static E:\3.46\pic18-lt\cxx-framework\src\traditional\math\fxd1616s.asm
                D1616SNEG   0x0024b6    program     static E:\3.46\pic18-lt\cxx-framework\src\traditional\math\fxd1616s.asm
                 D1616SOK   0x0024b2    program     static E:\3.46\pic18-lt\cxx-framework\src\traditional\math\fxd1616s.asm
                  D1616SX   0x0024c8    program     static E:\3.46\pic18-lt\cxx-framework\src\traditional\math\fxd1616s.asm
                   D2424S   0x0024fc    program     static E:\3.46\pic18-lt\cxx-framework\src\traditional\math\fxd2424s.asm
                D2424SNEG   0x00250a    program     static E:\3.46\pic18-lt\cxx-framework\src\traditional\math\fxd2424s.asm
                 D2424SOK   0x002506    program     static E:\3.46\pic18-lt\cxx-framework\src\traditional\math\fxd2424s.asm
                  D2424SX   0x002522    program     static E:\3.46\pic18-lt\cxx-framework\src\traditional\math\fxd2424s.asm
                  DA1616S   0x002498    program     static E:\3.46\pic18-lt\cxx-framework\src\traditional\math\fxd1616s.asm
                  DA2424S   0x0024e8    program     static E:\3.46\pic18-lt\cxx-framework\src\traditional\math\fxd2424s.asm
                  Dec2BCD   0x001b18    program     extern C:\Users\VanTrieu\Downloads\VDK-11-5\Bai5_TRAFFIC_UART\i2c\i2c.c
       DisplayDataReceive   0x002318    program     extern C:\Users\VanTrieu\Downloads\VDK-11-5\Bai5_TRAFFIC_UART\simulate_machine\simulate_machine.c
         DisplayLcdScreen   0x0012c8    program     extern C:\Users\VanTrieu\Downloads\VDK-11-5\Bai5_TRAFFIC_UART\lcd\lcd.c
        DisplayLcdScreen2   0x001348    program     extern C:\Users\VanTrieu\Downloads\VDK-11-5\Bai5_TRAFFIC_UART\lcd\lcd.c
      DisplayLcdScreenOld   0x001386    program     extern C:\Users\VanTrieu\Downloads\VDK-11-5\Bai5_TRAFFIC_UART\lcd\lcd.c
                 FXD0808U   0x0027ec    program     extern E:\3.46\pic18-lt\cxx-framework\src\traditional\math\fxd0808u.c
                 FXD1616S   0x002486    program     extern E:\3.46\pic18-lt\cxx-framework\src\traditional\math\fxd1616s.asm
                 FXD1616U   0x002784    program     extern E:\3.46\pic18-lt\cxx-framework\src\traditional\math\fxd1616u.c
                 FXD2424S   0x0024d2    program     extern E:\3.46\pic18-lt\cxx-framework\src\traditional\math\fxd2424s.asm
                 FXD2424U   0x002712    program     extern E:\3.46\pic18-lt\cxx-framework\src\traditional\math\fxd2424u.c
                 FXD3232U   0x0026ca    program     extern E:\3.46\pic18-lt\cxx-framework\src\traditional\math\fxd3232u.c
                  FXM3232   0x00265a    program     extern E:\3.46\pic18-lt\cxx-framework\src\traditional\math\fxm3232.c
                Init_flag   0x000310    program     extern C:\Users\VanTrieu\Downloads\VDK-11-5\Bai5_TRAFFIC_UART\main.c
      InterruptVectorHigh   0x000008    program     extern C:\Users\VanTrieu\Downloads\VDK-11-5\Bai5_TRAFFIC_UART\interrupt\interrupt.c
       InterruptVectorLow   0x000018    program     extern C:\Users\VanTrieu\Downloads\VDK-11-5\Bai5_TRAFFIC_UART\interrupt\interrupt.c
                LcdClearS   0x001278    program     extern C:\Users\VanTrieu\Downloads\VDK-11-5\Bai5_TRAFFIC_UART\lcd\lcd.c
            LcdPrintCharS   0x0013a8    program     extern C:\Users\VanTrieu\Downloads\VDK-11-5\Bai5_TRAFFIC_UART\lcd\lcd.c
              LcdPrintNum   0x001214    program     extern C:\Users\VanTrieu\Downloads\VDK-11-5\Bai5_TRAFFIC_UART\lcd\lcd.c
             LcdPrintNumS   0x0013e8    program     extern C:\Users\VanTrieu\Downloads\VDK-11-5\Bai5_TRAFFIC_UART\lcd\lcd.c
           LcdPrintString   0x00123a    program     extern C:\Users\VanTrieu\Downloads\VDK-11-5\Bai5_TRAFFIC_UART\lcd\lcd.c
          LcdPrintStringS   0x001484    program     extern C:\Users\VanTrieu\Downloads\VDK-11-5\Bai5_TRAFFIC_UART\lcd\lcd.c
               OpenOutput   0x0001b6    program     extern C:\Users\VanTrieu\Downloads\VDK-11-5\Bai5_TRAFFIC_UART\main.c
              OpenOutputA   0x000172    program     extern C:\Users\VanTrieu\Downloads\VDK-11-5\Bai5_TRAFFIC_UART\main.c
              OpenOutputE   0x000192    program     extern C:\Users\VanTrieu\Downloads\VDK-11-5\Bai5_TRAFFIC_UART\main.c
          Phase1_GreenOff   0x0002c6    program     extern C:\Users\VanTrieu\Downloads\VDK-11-5\Bai5_TRAFFIC_UART\main.c
           Phase1_GreenOn   0x0002b8    program     extern C:\Users\VanTrieu\Downloads\VDK-11-5\Bai5_TRAFFIC_UART\main.c
            Phase1_RedOff   0x0002e6    program     extern C:\Users\VanTrieu\Downloads\VDK-11-5\Bai5_TRAFFIC_UART\main.c
             Phase1_RedOn   0x0002e0    program     extern C:\Users\VanTrieu\Downloads\VDK-11-5\Bai5_TRAFFIC_UART\main.c
         Phase1_YellowOff   0x0002da    program     extern C:\Users\VanTrieu\Downloads\VDK-11-5\Bai5_TRAFFIC_UART\main.c
          Phase1_YellowOn   0x0002d4    program     extern C:\Users\VanTrieu\Downloads\VDK-11-5\Bai5_TRAFFIC_UART\main.c
          Phase2_GreenOff   0x0002f2    program     extern C:\Users\VanTrieu\Downloads\VDK-11-5\Bai5_TRAFFIC_UART\main.c
           Phase2_GreenOn   0x0002ec    program     extern C:\Users\VanTrieu\Downloads\VDK-11-5\Bai5_TRAFFIC_UART\main.c
            Phase2_RedOff   0x00030a    program     extern C:\Users\VanTrieu\Downloads\VDK-11-5\Bai5_TRAFFIC_UART\main.c
             Phase2_RedOn   0x000304    program     extern C:\Users\VanTrieu\Downloads\VDK-11-5\Bai5_TRAFFIC_UART\main.c
         Phase2_YellowOff   0x0002fe    program     extern C:\Users\VanTrieu\Downloads\VDK-11-5\Bai5_TRAFFIC_UART\main.c
          Phase2_YellowOn   0x0002f8    program     extern C:\Users\VanTrieu\Downloads\VDK-11-5\Bai5_TRAFFIC_UART\main.c
            ReverseOutput   0x00023a    program     extern C:\Users\VanTrieu\Downloads\VDK-11-5\Bai5_TRAFFIC_UART\main.c
             SetTimer0_ms   0x001ebc    program     extern C:\Users\VanTrieu\Downloads\VDK-11-5\Bai5_TRAFFIC_UART\timer\timer.c
             SetTimer1_ms   0x001ed4    program     extern C:\Users\VanTrieu\Downloads\VDK-11-5\Bai5_TRAFFIC_UART\timer\timer.c
             SetTimer3_ms   0x001f06    program     extern C:\Users\VanTrieu\Downloads\VDK-11-5\Bai5_TRAFFIC_UART\timer\timer.c
         SimulatedataSend   0x002316    program     extern C:\Users\VanTrieu\Downloads\VDK-11-5\Bai5_TRAFFIC_UART\simulate_machine\simulate_machine.c
               TestOutput   0x00026a    program     extern C:\Users\VanTrieu\Downloads\VDK-11-5\Bai5_TRAFFIC_UART\main.c
           UartSendString   0x002226    program     extern C:\Users\VanTrieu\Downloads\VDK-11-5\Bai5_TRAFFIC_UART\uart\uart.c
       ___return_lbl00000   0x000004    program     static                          
       ___return_lbl00000   0x002710    program     static                          
       ___return_lbl00000   0x0026c8    program     static                          
       ___return_lbl00000   0x00274a    program     static                          
       ___return_lbl00000   0x0027ae    program     static                          
       ___return_lbl00000   0x002806    program     static                          
       ___return_lbl00001   0x0027ea    program     static                          
       ___return_lbl00002   0x0025c8    program     static                          
       ___return_lbl00002   0x00001c    program     static                          
       ___return_lbl00003   0x00000c    program     static                          
               __config_0   0x300001    program     static C:\Users\VanTrieu\Downloads\VDK-11-5\Bai5_TRAFFIC_UART\main.c
               __config_1   0x300002    program     static C:\Users\VanTrieu\Downloads\VDK-11-5\Bai5_TRAFFIC_UART\main.c
              __config_10   0x30000d    program     static C:\Users\VanTrieu\Downloads\VDK-11-5\Bai5_TRAFFIC_UART\main.c
               __config_2   0x300003    program     static C:\Users\VanTrieu\Downloads\VDK-11-5\Bai5_TRAFFIC_UART\main.c
               __config_3   0x300005    program     static C:\Users\VanTrieu\Downloads\VDK-11-5\Bai5_TRAFFIC_UART\main.c
               __config_4   0x300006    program     static C:\Users\VanTrieu\Downloads\VDK-11-5\Bai5_TRAFFIC_UART\main.c
               __config_5   0x300008    program     static C:\Users\VanTrieu\Downloads\VDK-11-5\Bai5_TRAFFIC_UART\main.c
               __config_6   0x300009    program     static C:\Users\VanTrieu\Downloads\VDK-11-5\Bai5_TRAFFIC_UART\main.c
               __config_7   0x30000a    program     static C:\Users\VanTrieu\Downloads\VDK-11-5\Bai5_TRAFFIC_UART\main.c
               __config_8   0x30000b    program     static C:\Users\VanTrieu\Downloads\VDK-11-5\Bai5_TRAFFIC_UART\main.c
               __config_9   0x30000c    program     static C:\Users\VanTrieu\Downloads\VDK-11-5\Bai5_TRAFFIC_UART\main.c
                   __init   0x000006    program     extern E:\3.46\pic18-lt\cxx-framework\src\traditional\stdclib\__init.c
                   __pa_0   0x00224e    program     static C:\Users\VanTrieu\Downloads\VDK-11-5\Bai5_TRAFFIC_UART\uart\uart.c
                   __pa_0   0x002384    program     static C:\Users\VanTrieu\Downloads\VDK-11-5\Bai5_TRAFFIC_UART\simulate_machine\simulate_machine.c
                   __pa_0   0x001d02    program     static C:\Users\VanTrieu\Downloads\VDK-11-5\Bai5_TRAFFIC_UART\i2c\i2c.c
                   __pa_0   0x0019e2    program     static C:\Users\VanTrieu\Downloads\VDK-11-5\Bai5_TRAFFIC_UART\button_matrix\button.c
                   __pa_0   0x0020d8    program     static C:\Users\VanTrieu\Downloads\VDK-11-5\Bai5_TRAFFIC_UART\interrupt\interrupt.c
                   __pa_0   0x001f38    program     static C:\Users\VanTrieu\Downloads\VDK-11-5\Bai5_TRAFFIC_UART\timer\timer.c
                   __pa_0   0x0014b6    program     static C:\Users\VanTrieu\Downloads\VDK-11-5\Bai5_TRAFFIC_UART\lcd\lcd.c
                   __pa_0   0x000af2    program     static C:\Users\VanTrieu\Downloads\VDK-11-5\Bai5_TRAFFIC_UART\main.c
                   __pa_1   0x0014c4    program     static C:\Users\VanTrieu\Downloads\VDK-11-5\Bai5_TRAFFIC_UART\lcd\lcd.c
                   __pa_1   0x002260    program     static C:\Users\VanTrieu\Downloads\VDK-11-5\Bai5_TRAFFIC_UART\uart\uart.c
                   __pa_1   0x002396    program     static C:\Users\VanTrieu\Downloads\VDK-11-5\Bai5_TRAFFIC_UART\simulate_machine\simulate_machine.c
                   __pa_1   0x001d0a    program     static C:\Users\VanTrieu\Downloads\VDK-11-5\Bai5_TRAFFIC_UART\i2c\i2c.c
                   __pa_1   0x001a02    program     static C:\Users\VanTrieu\Downloads\VDK-11-5\Bai5_TRAFFIC_UART\button_matrix\button.c
                   __pa_1   0x002102    program     static C:\Users\VanTrieu\Downloads\VDK-11-5\Bai5_TRAFFIC_UART\interrupt\interrupt.c
                   __pa_1   0x001f64    program     static C:\Users\VanTrieu\Downloads\VDK-11-5\Bai5_TRAFFIC_UART\timer\timer.c
                   __pa_1   0x000b00    program     static C:\Users\VanTrieu\Downloads\VDK-11-5\Bai5_TRAFFIC_UART\main.c
                  __pa_10   0x001548    program     static C:\Users\VanTrieu\Downloads\VDK-11-5\Bai5_TRAFFIC_UART\lcd\lcd.c
                  __pa_10   0x001fd6    program     static C:\Users\VanTrieu\Downloads\VDK-11-5\Bai5_TRAFFIC_UART\timer\timer.c
                  __pa_10   0x001a82    program     static C:\Users\VanTrieu\Downloads\VDK-11-5\Bai5_TRAFFIC_UART\button_matrix\button.c
                  __pa_10   0x000bc8    program     static C:\Users\VanTrieu\Downloads\VDK-11-5\Bai5_TRAFFIC_UART\main.c
                  __pa_11   0x000bfc    program     static C:\Users\VanTrieu\Downloads\VDK-11-5\Bai5_TRAFFIC_UART\main.c
                  __pa_11   0x001562    program     static C:\Users\VanTrieu\Downloads\VDK-11-5\Bai5_TRAFFIC_UART\lcd\lcd.c
                  __pa_11   0x001a8c    program     static C:\Users\VanTrieu\Downloads\VDK-11-5\Bai5_TRAFFIC_UART\button_matrix\button.c
                  __pa_12   0x000c04    program     static C:\Users\VanTrieu\Downloads\VDK-11-5\Bai5_TRAFFIC_UART\main.c
                  __pa_12   0x00157c    program     static C:\Users\VanTrieu\Downloads\VDK-11-5\Bai5_TRAFFIC_UART\lcd\lcd.c
                  __pa_12   0x001a94    program     static C:\Users\VanTrieu\Downloads\VDK-11-5\Bai5_TRAFFIC_UART\button_matrix\button.c
                  __pa_13   0x000c0c    program     static C:\Users\VanTrieu\Downloads\VDK-11-5\Bai5_TRAFFIC_UART\main.c
                  __pa_13   0x001594    program     static C:\Users\VanTrieu\Downloads\VDK-11-5\Bai5_TRAFFIC_UART\lcd\lcd.c
                  __pa_13   0x001ac6    program     static C:\Users\VanTrieu\Downloads\VDK-11-5\Bai5_TRAFFIC_UART\button_matrix\button.c
                  __pa_14   0x000c12    program     static C:\Users\VanTrieu\Downloads\VDK-11-5\Bai5_TRAFFIC_UART\main.c
                  __pa_14   0x001ace    program     static C:\Users\VanTrieu\Downloads\VDK-11-5\Bai5_TRAFFIC_UART\button_matrix\button.c
                  __pa_14   0x0015ac    program     static C:\Users\VanTrieu\Downloads\VDK-11-5\Bai5_TRAFFIC_UART\lcd\lcd.c
                  __pa_15   0x000c26    program     static C:\Users\VanTrieu\Downloads\VDK-11-5\Bai5_TRAFFIC_UART\main.c
                  __pa_15   0x0015c4    program     static C:\Users\VanTrieu\Downloads\VDK-11-5\Bai5_TRAFFIC_UART\lcd\lcd.c
                  __pa_15   0x001ad8    program     static C:\Users\VanTrieu\Downloads\VDK-11-5\Bai5_TRAFFIC_UART\button_matrix\button.c
                  __pa_16   0x0015d4    program     static C:\Users\VanTrieu\Downloads\VDK-11-5\Bai5_TRAFFIC_UART\lcd\lcd.c
                  __pa_16   0x001ae2    program     static C:\Users\VanTrieu\Downloads\VDK-11-5\Bai5_TRAFFIC_UART\button_matrix\button.c
                  __pa_16   0x000c2e    program     static C:\Users\VanTrieu\Downloads\VDK-11-5\Bai5_TRAFFIC_UART\main.c
                  __pa_17   0x0015e6    program     static C:\Users\VanTrieu\Downloads\VDK-11-5\Bai5_TRAFFIC_UART\lcd\lcd.c
                  __pa_17   0x000c3a    program     static C:\Users\VanTrieu\Downloads\VDK-11-5\Bai5_TRAFFIC_UART\main.c
                  __pa_18   0x0015f2    program     static C:\Users\VanTrieu\Downloads\VDK-11-5\Bai5_TRAFFIC_UART\lcd\lcd.c
                  __pa_18   0x000c46    program     static C:\Users\VanTrieu\Downloads\VDK-11-5\Bai5_TRAFFIC_UART\main.c
                  __pa_19   0x001604    program     static C:\Users\VanTrieu\Downloads\VDK-11-5\Bai5_TRAFFIC_UART\lcd\lcd.c
                  __pa_19   0x000c58    program     static C:\Users\VanTrieu\Downloads\VDK-11-5\Bai5_TRAFFIC_UART\main.c
                   __pa_2   0x001a1c    program     static C:\Users\VanTrieu\Downloads\VDK-11-5\Bai5_TRAFFIC_UART\button_matrix\button.c
                   __pa_2   0x001f6e    program     static C:\Users\VanTrieu\Downloads\VDK-11-5\Bai5_TRAFFIC_UART\timer\timer.c
                   __pa_2   0x002128    program     static C:\Users\VanTrieu\Downloads\VDK-11-5\Bai5_TRAFFIC_UART\interrupt\interrupt.c
                   __pa_2   0x001d14    program     static C:\Users\VanTrieu\Downloads\VDK-11-5\Bai5_TRAFFIC_UART\i2c\i2c.c
                   __pa_2   0x0014d0    program     static C:\Users\VanTrieu\Downloads\VDK-11-5\Bai5_TRAFFIC_UART\lcd\lcd.c
                   __pa_2   0x00226a    program     static C:\Users\VanTrieu\Downloads\VDK-11-5\Bai5_TRAFFIC_UART\uart\uart.c
                   __pa_2   0x000b0c    program     static C:\Users\VanTrieu\Downloads\VDK-11-5\Bai5_TRAFFIC_UART\main.c
                  __pa_20   0x001616    program     static C:\Users\VanTrieu\Downloads\VDK-11-5\Bai5_TRAFFIC_UART\lcd\lcd.c
                  __pa_20   0x000c60    program     static C:\Users\VanTrieu\Downloads\VDK-11-5\Bai5_TRAFFIC_UART\main.c
                  __pa_21   0x001620    program     static C:\Users\VanTrieu\Downloads\VDK-11-5\Bai5_TRAFFIC_UART\lcd\lcd.c
                  __pa_21   0x000c6e    program     static C:\Users\VanTrieu\Downloads\VDK-11-5\Bai5_TRAFFIC_UART\main.c
                  __pa_22   0x001628    program     static C:\Users\VanTrieu\Downloads\VDK-11-5\Bai5_TRAFFIC_UART\lcd\lcd.c
                  __pa_22   0x000c7c    program     static C:\Users\VanTrieu\Downloads\VDK-11-5\Bai5_TRAFFIC_UART\main.c
                  __pa_23   0x000c94    program     static C:\Users\VanTrieu\Downloads\VDK-11-5\Bai5_TRAFFIC_UART\main.c
                  __pa_23   0x001636    program     static C:\Users\VanTrieu\Downloads\VDK-11-5\Bai5_TRAFFIC_UART\lcd\lcd.c
                  __pa_24   0x000ca0    program     static C:\Users\VanTrieu\Downloads\VDK-11-5\Bai5_TRAFFIC_UART\main.c
                  __pa_24   0x001644    program     static C:\Users\VanTrieu\Downloads\VDK-11-5\Bai5_TRAFFIC_UART\lcd\lcd.c
                  __pa_25   0x000cae    program     static C:\Users\VanTrieu\Downloads\VDK-11-5\Bai5_TRAFFIC_UART\main.c
                  __pa_25   0x001652    program     static C:\Users\VanTrieu\Downloads\VDK-11-5\Bai5_TRAFFIC_UART\lcd\lcd.c
                  __pa_26   0x000cb4    program     static C:\Users\VanTrieu\Downloads\VDK-11-5\Bai5_TRAFFIC_UART\main.c
                  __pa_26   0x00165c    program     static C:\Users\VanTrieu\Downloads\VDK-11-5\Bai5_TRAFFIC_UART\lcd\lcd.c
                  __pa_27   0x000cc8    program     static C:\Users\VanTrieu\Downloads\VDK-11-5\Bai5_TRAFFIC_UART\main.c
                  __pa_27   0x00166e    program     static C:\Users\VanTrieu\Downloads\VDK-11-5\Bai5_TRAFFIC_UART\lcd\lcd.c
                  __pa_28   0x00167a    program     static C:\Users\VanTrieu\Downloads\VDK-11-5\Bai5_TRAFFIC_UART\lcd\lcd.c
                  __pa_28   0x000cd4    program     static C:\Users\VanTrieu\Downloads\VDK-11-5\Bai5_TRAFFIC_UART\main.c
                  __pa_29   0x001686    program     static C:\Users\VanTrieu\Downloads\VDK-11-5\Bai5_TRAFFIC_UART\lcd\lcd.c
                  __pa_29   0x000ce0    program     static C:\Users\VanTrieu\Downloads\VDK-11-5\Bai5_TRAFFIC_UART\main.c
                   __pa_3   0x001d1c    program     static C:\Users\VanTrieu\Downloads\VDK-11-5\Bai5_TRAFFIC_UART\i2c\i2c.c
                   __pa_3   0x002136    program     static C:\Users\VanTrieu\Downloads\VDK-11-5\Bai5_TRAFFIC_UART\interrupt\interrupt.c
                   __pa_3   0x0014de    program     static C:\Users\VanTrieu\Downloads\VDK-11-5\Bai5_TRAFFIC_UART\lcd\lcd.c
                   __pa_3   0x001a2e    program     static C:\Users\VanTrieu\Downloads\VDK-11-5\Bai5_TRAFFIC_UART\button_matrix\button.c
                   __pa_3   0x002272    program     static C:\Users\VanTrieu\Downloads\VDK-11-5\Bai5_TRAFFIC_UART\uart\uart.c
                   __pa_3   0x000b1a    program     static C:\Users\VanTrieu\Downloads\VDK-11-5\Bai5_TRAFFIC_UART\main.c
                   __pa_3   0x001f76    program     static C:\Users\VanTrieu\Downloads\VDK-11-5\Bai5_TRAFFIC_UART\timer\timer.c
                  __pa_30   0x001692    program     static C:\Users\VanTrieu\Downloads\VDK-11-5\Bai5_TRAFFIC_UART\lcd\lcd.c
                  __pa_30   0x000ce8    program     static C:\Users\VanTrieu\Downloads\VDK-11-5\Bai5_TRAFFIC_UART\main.c
                  __pa_31   0x000cf2    program     static C:\Users\VanTrieu\Downloads\VDK-11-5\Bai5_TRAFFIC_UART\main.c
                  __pa_31   0x00169c    program     static C:\Users\VanTrieu\Downloads\VDK-11-5\Bai5_TRAFFIC_UART\lcd\lcd.c
                  __pa_32   0x000cfe    program     static C:\Users\VanTrieu\Downloads\VDK-11-5\Bai5_TRAFFIC_UART\main.c
                  __pa_32   0x0016ae    program     static C:\Users\VanTrieu\Downloads\VDK-11-5\Bai5_TRAFFIC_UART\lcd\lcd.c
                  __pa_33   0x000d08    program     static C:\Users\VanTrieu\Downloads\VDK-11-5\Bai5_TRAFFIC_UART\main.c
                  __pa_33   0x0016c4    program     static C:\Users\VanTrieu\Downloads\VDK-11-5\Bai5_TRAFFIC_UART\lcd\lcd.c
                  __pa_34   0x0016da    program     static C:\Users\VanTrieu\Downloads\VDK-11-5\Bai5_TRAFFIC_UART\lcd\lcd.c
                  __pa_34   0x000d10    program     static C:\Users\VanTrieu\Downloads\VDK-11-5\Bai5_TRAFFIC_UART\main.c
                  __pa_35   0x0016e2    program     static C:\Users\VanTrieu\Downloads\VDK-11-5\Bai5_TRAFFIC_UART\lcd\lcd.c
                  __pa_35   0x000d18    program     static C:\Users\VanTrieu\Downloads\VDK-11-5\Bai5_TRAFFIC_UART\main.c
                  __pa_36   0x000d26    program     static C:\Users\VanTrieu\Downloads\VDK-11-5\Bai5_TRAFFIC_UART\main.c
                  __pa_36   0x0016ec    program     static C:\Users\VanTrieu\Downloads\VDK-11-5\Bai5_TRAFFIC_UART\lcd\lcd.c
                  __pa_37   0x000d2e    program     static C:\Users\VanTrieu\Downloads\VDK-11-5\Bai5_TRAFFIC_UART\main.c
                  __pa_37   0x0016fa    program     static C:\Users\VanTrieu\Downloads\VDK-11-5\Bai5_TRAFFIC_UART\lcd\lcd.c
                  __pa_38   0x000d38    program     static C:\Users\VanTrieu\Downloads\VDK-11-5\Bai5_TRAFFIC_UART\main.c
                  __pa_38   0x001704    program     static C:\Users\VanTrieu\Downloads\VDK-11-5\Bai5_TRAFFIC_UART\lcd\lcd.c
                  __pa_39   0x000d40    program     static C:\Users\VanTrieu\Downloads\VDK-11-5\Bai5_TRAFFIC_UART\main.c
                  __pa_39   0x001716    program     static C:\Users\VanTrieu\Downloads\VDK-11-5\Bai5_TRAFFIC_UART\lcd\lcd.c
                   __pa_4   0x001d34    program     static C:\Users\VanTrieu\Downloads\VDK-11-5\Bai5_TRAFFIC_UART\i2c\i2c.c
                   __pa_4   0x001a40    program     static C:\Users\VanTrieu\Downloads\VDK-11-5\Bai5_TRAFFIC_UART\button_matrix\button.c
                   __pa_4   0x002144    program     static C:\Users\VanTrieu\Downloads\VDK-11-5\Bai5_TRAFFIC_UART\interrupt\interrupt.c
                   __pa_4   0x000b28    program     static C:\Users\VanTrieu\Downloads\VDK-11-5\Bai5_TRAFFIC_UART\main.c
                   __pa_4   0x001f7e    program     static C:\Users\VanTrieu\Downloads\VDK-11-5\Bai5_TRAFFIC_UART\timer\timer.c
                   __pa_4   0x0014e8    program     static C:\Users\VanTrieu\Downloads\VDK-11-5\Bai5_TRAFFIC_UART\lcd\lcd.c
                  __pa_40   0x000d46    program     static C:\Users\VanTrieu\Downloads\VDK-11-5\Bai5_TRAFFIC_UART\main.c
                  __pa_40   0x001728    program     static C:\Users\VanTrieu\Downloads\VDK-11-5\Bai5_TRAFFIC_UART\lcd\lcd.c
                  __pa_41   0x000d50    program     static C:\Users\VanTrieu\Downloads\VDK-11-5\Bai5_TRAFFIC_UART\main.c
                  __pa_41   0x00173a    program     static C:\Users\VanTrieu\Downloads\VDK-11-5\Bai5_TRAFFIC_UART\lcd\lcd.c
                  __pa_42   0x000d5c    program     static C:\Users\VanTrieu\Downloads\VDK-11-5\Bai5_TRAFFIC_UART\main.c
                  __pa_42   0x001744    program     static C:\Users\VanTrieu\Downloads\VDK-11-5\Bai5_TRAFFIC_UART\lcd\lcd.c
                  __pa_43   0x000d7a    program     static C:\Users\VanTrieu\Downloads\VDK-11-5\Bai5_TRAFFIC_UART\main.c
                  __pa_43   0x00174e    program     static C:\Users\VanTrieu\Downloads\VDK-11-5\Bai5_TRAFFIC_UART\lcd\lcd.c
                  __pa_44   0x000d88    program     static C:\Users\VanTrieu\Downloads\VDK-11-5\Bai5_TRAFFIC_UART\main.c
                  __pa_44   0x001754    program     static C:\Users\VanTrieu\Downloads\VDK-11-5\Bai5_TRAFFIC_UART\lcd\lcd.c
                  __pa_45   0x001760    program     static C:\Users\VanTrieu\Downloads\VDK-11-5\Bai5_TRAFFIC_UART\lcd\lcd.c
                  __pa_45   0x000d96    program     static C:\Users\VanTrieu\Downloads\VDK-11-5\Bai5_TRAFFIC_UART\main.c
                  __pa_46   0x000da4    program     static C:\Users\VanTrieu\Downloads\VDK-11-5\Bai5_TRAFFIC_UART\main.c
                  __pa_46   0x00176c    program     static C:\Users\VanTrieu\Downloads\VDK-11-5\Bai5_TRAFFIC_UART\lcd\lcd.c
                  __pa_47   0x001774    program     static C:\Users\VanTrieu\Downloads\VDK-11-5\Bai5_TRAFFIC_UART\lcd\lcd.c
                  __pa_47   0x000dae    program     static C:\Users\VanTrieu\Downloads\VDK-11-5\Bai5_TRAFFIC_UART\main.c
                  __pa_48   0x000dbe    program     static C:\Users\VanTrieu\Downloads\VDK-11-5\Bai5_TRAFFIC_UART\main.c
                  __pa_48   0x00177c    program     static C:\Users\VanTrieu\Downloads\VDK-11-5\Bai5_TRAFFIC_UART\lcd\lcd.c
                  __pa_49   0x000dc6    program     static C:\Users\VanTrieu\Downloads\VDK-11-5\Bai5_TRAFFIC_UART\main.c
                   __pa_5   0x001d46    program     static C:\Users\VanTrieu\Downloads\VDK-11-5\Bai5_TRAFFIC_UART\i2c\i2c.c
                   __pa_5   0x001f8e    program     static C:\Users\VanTrieu\Downloads\VDK-11-5\Bai5_TRAFFIC_UART\timer\timer.c
                   __pa_5   0x000b32    program     static C:\Users\VanTrieu\Downloads\VDK-11-5\Bai5_TRAFFIC_UART\main.c
                   __pa_5   0x002152    program     static C:\Users\VanTrieu\Downloads\VDK-11-5\Bai5_TRAFFIC_UART\interrupt\interrupt.c
                   __pa_5   0x0014f0    program     static C:\Users\VanTrieu\Downloads\VDK-11-5\Bai5_TRAFFIC_UART\lcd\lcd.c
                   __pa_5   0x001a54    program     static C:\Users\VanTrieu\Downloads\VDK-11-5\Bai5_TRAFFIC_UART\button_matrix\button.c
                  __pa_50   0x000dce    program     static C:\Users\VanTrieu\Downloads\VDK-11-5\Bai5_TRAFFIC_UART\main.c
                  __pa_51   0x000dd4    program     static C:\Users\VanTrieu\Downloads\VDK-11-5\Bai5_TRAFFIC_UART\main.c
                  __pa_52   0x000ddc    program     static C:\Users\VanTrieu\Downloads\VDK-11-5\Bai5_TRAFFIC_UART\main.c
                  __pa_53   0x000dea    program     static C:\Users\VanTrieu\Downloads\VDK-11-5\Bai5_TRAFFIC_UART\main.c
                  __pa_54   0x000df4    program     static C:\Users\VanTrieu\Downloads\VDK-11-5\Bai5_TRAFFIC_UART\main.c
                  __pa_55   0x000dfc    program     static C:\Users\VanTrieu\Downloads\VDK-11-5\Bai5_TRAFFIC_UART\main.c
                  __pa_56   0x000e0a    program     static C:\Users\VanTrieu\Downloads\VDK-11-5\Bai5_TRAFFIC_UART\main.c
                  __pa_57   0x000e18    program     static C:\Users\VanTrieu\Downloads\VDK-11-5\Bai5_TRAFFIC_UART\main.c
                  __pa_58   0x000e26    program     static C:\Users\VanTrieu\Downloads\VDK-11-5\Bai5_TRAFFIC_UART\main.c
                  __pa_59   0x000e34    program     static C:\Users\VanTrieu\Downloads\VDK-11-5\Bai5_TRAFFIC_UART\main.c
                   __pa_6   0x001d56    program     static C:\Users\VanTrieu\Downloads\VDK-11-5\Bai5_TRAFFIC_UART\i2c\i2c.c
                   __pa_6   0x000b3e    program     static C:\Users\VanTrieu\Downloads\VDK-11-5\Bai5_TRAFFIC_UART\main.c
                   __pa_6   0x0014fa    program     static C:\Users\VanTrieu\Downloads\VDK-11-5\Bai5_TRAFFIC_UART\lcd\lcd.c
                   __pa_6   0x001a5e    program     static C:\Users\VanTrieu\Downloads\VDK-11-5\Bai5_TRAFFIC_UART\button_matrix\button.c
                   __pa_6   0x001f9e    program     static C:\Users\VanTrieu\Downloads\VDK-11-5\Bai5_TRAFFIC_UART\timer\timer.c
                  __pa_60   0x000e42    program     static C:\Users\VanTrieu\Downloads\VDK-11-5\Bai5_TRAFFIC_UART\main.c
                  __pa_61   0x000e50    program     static C:\Users\VanTrieu\Downloads\VDK-11-5\Bai5_TRAFFIC_UART\main.c
                  __pa_62   0x000e58    program     static C:\Users\VanTrieu\Downloads\VDK-11-5\Bai5_TRAFFIC_UART\main.c
                  __pa_63   0x000e60    program     static C:\Users\VanTrieu\Downloads\VDK-11-5\Bai5_TRAFFIC_UART\main.c
                  __pa_64   0x000e6e    program     static C:\Users\VanTrieu\Downloads\VDK-11-5\Bai5_TRAFFIC_UART\main.c
                  __pa_65   0x000e72    program     static C:\Users\VanTrieu\Downloads\VDK-11-5\Bai5_TRAFFIC_UART\main.c
                  __pa_66   0x000e80    program     static C:\Users\VanTrieu\Downloads\VDK-11-5\Bai5_TRAFFIC_UART\main.c
                  __pa_67   0x000e8a    program     static C:\Users\VanTrieu\Downloads\VDK-11-5\Bai5_TRAFFIC_UART\main.c
                  __pa_68   0x000e94    program     static C:\Users\VanTrieu\Downloads\VDK-11-5\Bai5_TRAFFIC_UART\main.c
                  __pa_69   0x000e9e    program     static C:\Users\VanTrieu\Downloads\VDK-11-5\Bai5_TRAFFIC_UART\main.c
                   __pa_7   0x001d62    program     static C:\Users\VanTrieu\Downloads\VDK-11-5\Bai5_TRAFFIC_UART\i2c\i2c.c
                   __pa_7   0x000b4c    program     static C:\Users\VanTrieu\Downloads\VDK-11-5\Bai5_TRAFFIC_UART\main.c
                   __pa_7   0x001fac    program     static C:\Users\VanTrieu\Downloads\VDK-11-5\Bai5_TRAFFIC_UART\timer\timer.c
                   __pa_7   0x00150c    program     static C:\Users\VanTrieu\Downloads\VDK-11-5\Bai5_TRAFFIC_UART\lcd\lcd.c
                   __pa_7   0x001a68    program     static C:\Users\VanTrieu\Downloads\VDK-11-5\Bai5_TRAFFIC_UART\button_matrix\button.c
                  __pa_70   0x000ea8    program     static C:\Users\VanTrieu\Downloads\VDK-11-5\Bai5_TRAFFIC_UART\main.c
                  __pa_71   0x000eb6    program     static C:\Users\VanTrieu\Downloads\VDK-11-5\Bai5_TRAFFIC_UART\main.c
                  __pa_72   0x000ebe    program     static C:\Users\VanTrieu\Downloads\VDK-11-5\Bai5_TRAFFIC_UART\main.c
                  __pa_73   0x000ec8    program     static C:\Users\VanTrieu\Downloads\VDK-11-5\Bai5_TRAFFIC_UART\main.c
                  __pa_74   0x000ed8    program     static C:\Users\VanTrieu\Downloads\VDK-11-5\Bai5_TRAFFIC_UART\main.c
                  __pa_75   0x000eea    program     static C:\Users\VanTrieu\Downloads\VDK-11-5\Bai5_TRAFFIC_UART\main.c
                  __pa_76   0x000efc    program     static C:\Users\VanTrieu\Downloads\VDK-11-5\Bai5_TRAFFIC_UART\main.c
                   __pa_8   0x001fba    program     static C:\Users\VanTrieu\Downloads\VDK-11-5\Bai5_TRAFFIC_UART\timer\timer.c
                   __pa_8   0x001a72    program     static C:\Users\VanTrieu\Downloads\VDK-11-5\Bai5_TRAFFIC_UART\button_matrix\button.c
                   __pa_8   0x00152a    program     static C:\Users\VanTrieu\Downloads\VDK-11-5\Bai5_TRAFFIC_UART\lcd\lcd.c
                   __pa_8   0x000b86    program     static C:\Users\VanTrieu\Downloads\VDK-11-5\Bai5_TRAFFIC_UART\main.c
                   __pa_8   0x001d6e    program     static C:\Users\VanTrieu\Downloads\VDK-11-5\Bai5_TRAFFIC_UART\i2c\i2c.c
                   __pa_9   0x001530    program     static C:\Users\VanTrieu\Downloads\VDK-11-5\Bai5_TRAFFIC_UART\lcd\lcd.c
                   __pa_9   0x000bc0    program     static C:\Users\VanTrieu\Downloads\VDK-11-5\Bai5_TRAFFIC_UART\main.c
                   __pa_9   0x001a7a    program     static C:\Users\VanTrieu\Downloads\VDK-11-5\Bai5_TRAFFIC_UART\button_matrix\button.c
                   __pa_9   0x001fc8    program     static C:\Users\VanTrieu\Downloads\VDK-11-5\Bai5_TRAFFIC_UART\timer\timer.c
                   __pa_9   0x001d78    program     static C:\Users\VanTrieu\Downloads\VDK-11-5\Bai5_TRAFFIC_UART\i2c\i2c.c
               __string_0   0x002475    program     static C:\Users\VanTrieu\Downloads\VDK-11-5\Bai5_TRAFFIC_UART\simulate_machine\simulate_machine.c
               __string_0   0x00246c    program     static C:\Users\VanTrieu\Downloads\VDK-11-5\Bai5_TRAFFIC_UART\main.c
               __string_1   0x002468    program     static C:\Users\VanTrieu\Downloads\VDK-11-5\Bai5_TRAFFIC_UART\main.c
              __string_10   0x00241d    program     static C:\Users\VanTrieu\Downloads\VDK-11-5\Bai5_TRAFFIC_UART\main.c
              __string_11   0x00240f    program     static C:\Users\VanTrieu\Downloads\VDK-11-5\Bai5_TRAFFIC_UART\main.c
              __string_12   0x002400    program     static C:\Users\VanTrieu\Downloads\VDK-11-5\Bai5_TRAFFIC_UART\main.c
              __string_13   0x0023ef    program     static C:\Users\VanTrieu\Downloads\VDK-11-5\Bai5_TRAFFIC_UART\main.c
              __string_14   0x0023e7    program     static C:\Users\VanTrieu\Downloads\VDK-11-5\Bai5_TRAFFIC_UART\main.c
              __string_15   0x0023dd    program     static C:\Users\VanTrieu\Downloads\VDK-11-5\Bai5_TRAFFIC_UART\main.c
              __string_16   0x0023d5    program     static C:\Users\VanTrieu\Downloads\VDK-11-5\Bai5_TRAFFIC_UART\main.c
              __string_17   0x0023ca    program     static C:\Users\VanTrieu\Downloads\VDK-11-5\Bai5_TRAFFIC_UART\main.c
              __string_18   0x0023c2    program     static C:\Users\VanTrieu\Downloads\VDK-11-5\Bai5_TRAFFIC_UART\main.c
              __string_19   0x0023b8    program     static C:\Users\VanTrieu\Downloads\VDK-11-5\Bai5_TRAFFIC_UART\main.c
               __string_2   0x002462    program     static C:\Users\VanTrieu\Downloads\VDK-11-5\Bai5_TRAFFIC_UART\main.c
              __string_20   0x0023ad    program     static C:\Users\VanTrieu\Downloads\VDK-11-5\Bai5_TRAFFIC_UART\main.c
              __string_21   0x0023a4    program     static C:\Users\VanTrieu\Downloads\VDK-11-5\Bai5_TRAFFIC_UART\main.c
               __string_3   0x00245e    program     static C:\Users\VanTrieu\Downloads\VDK-11-5\Bai5_TRAFFIC_UART\main.c
               __string_4   0x00244d    program     static C:\Users\VanTrieu\Downloads\VDK-11-5\Bai5_TRAFFIC_UART\main.c
               __string_5   0x00243f    program     static C:\Users\VanTrieu\Downloads\VDK-11-5\Bai5_TRAFFIC_UART\main.c
               __string_6   0x002437    program     static C:\Users\VanTrieu\Downloads\VDK-11-5\Bai5_TRAFFIC_UART\main.c
               __string_7   0x002434    program     static C:\Users\VanTrieu\Downloads\VDK-11-5\Bai5_TRAFFIC_UART\main.c
               __string_8   0x002432    program     static C:\Users\VanTrieu\Downloads\VDK-11-5\Bai5_TRAFFIC_UART\main.c
               __string_9   0x002423    program     static C:\Users\VanTrieu\Downloads\VDK-11-5\Bai5_TRAFFIC_UART\main.c
              __tmplbl_27   0x000bc0    program     static                          
              __tmplbl_28   0x000bc0    program     static                          
              __tmplbl_29   0x000bc0    program     static                          
              __tmplbl_30   0x000bc0    program     static                          
              __tmplbl_31   0x000bc0    program     static                          
              __tmplbl_32   0x000bc0    program     static                          
              __tmplbl_33   0x000bc0    program     static                          
              __tmplbl_34   0x000bc0    program     static                          
              __tmplbl_35   0x000bc0    program     static                          
              __tmplbl_36   0x000c60    program     static                          
              __tmplbl_37   0x000c6e    program     static                          
              __tmplbl_38   0x000c60    program     static                          
              __tmplbl_39   0x000c6e    program     static                          
              __tmplbl_40   0x000c60    program     static                          
              __tmplbl_41   0x000c6e    program     static                          
              __tmplbl_42   0x000eb6    program     static                          
              __tmplbl_43   0x000ce8    program     static                          
              __tmplbl_44   0x000bc0    program     static                          
              __tmplbl_45   0x000ce8    program     static                          
              __tmplbl_46   0x000ce8    program     static                          
            __zero_memory   0x0027b0    program     extern E:\3.46\pic18-lt\cxx-framework\src\traditional\proc\p18f4620.asm
                _do_cinit   0x00252c    program     extern E:\3.46\pic18-lt\cxx-framework\src\traditional\startup\c018i.c
                   _entry   0x000000    program     extern E:\3.46\pic18-lt\cxx-framework\src\traditional\startup\c018i.c
                   _false   0x002746    program     static                          
                   _false   0x00270c    program     static                          
                 _startup   0x0027d0    program     extern E:\3.46\pic18-lt\cxx-framework\src\traditional\startup\c018i.c
          button_delay_ms   0x00188c    program     extern C:\Users\VanTrieu\Downloads\VDK-11-5\Bai5_TRAFFIC_UART\button_matrix\button.c
             clear_screen   0x0003c6    program     extern C:\Users\VanTrieu\Downloads\VDK-11-5\Bai5_TRAFFIC_UART\main.c
                     code   0x000a12    program     extern C:\Users\VanTrieu\Downloads\VDK-11-5\Bai5_TRAFFIC_UART\main.c
                compare_l   0x0027c6    program     static E:\3.46\pic18-lt\cxx-framework\src\traditional\proc\p18f4620.asm
                copy_loop   0x00259e    program     static                          
            copy_one_byte   0x0025a4    program     static                          
                 delay_ms   0x0000ac    program     extern C:\Users\VanTrieu\Downloads\VDK-11-5\Bai5_TRAFFIC_UART\main.c
                     done   0x0025c8    program     static                          
             done_copying   0x0025b2    program     static                          
           ds1307_control   0x001b50    program     extern C:\Users\VanTrieu\Downloads\VDK-11-5\Bai5_TRAFFIC_UART\i2c\i2c.c
           eeprom_control   0x001b5c    program     extern C:\Users\VanTrieu\Downloads\VDK-11-5\Bai5_TRAFFIC_UART\i2c\i2c.c
                  endloop   0x0027aa    program     static                          
                  endloop   0x002802    program     static                          
            get_adc_value   0x0025dc    program     extern C:\Users\VanTrieu\Downloads\VDK-11-5\Bai5_TRAFFIC_UART\adc\adc.c
                 high_isr   0x002070    program     extern C:\Users\VanTrieu\Downloads\VDK-11-5\Bai5_TRAFFIC_UART\interrupt\interrupt.c
                  i2c_ack   0x001b92    program     extern C:\Users\VanTrieu\Downloads\VDK-11-5\Bai5_TRAFFIC_UART\i2c\i2c.c
                  i2c_nak   0x001b9e    program     extern C:\Users\VanTrieu\Downloads\VDK-11-5\Bai5_TRAFFIC_UART\i2c\i2c.c
                 i2c_read   0x001b86    program     extern C:\Users\VanTrieu\Downloads\VDK-11-5\Bai5_TRAFFIC_UART\i2c\i2c.c
                i2c_start   0x001b68    program     extern C:\Users\VanTrieu\Downloads\VDK-11-5\Bai5_TRAFFIC_UART\i2c\i2c.c
                 i2c_stop   0x001b72    program     extern C:\Users\VanTrieu\Downloads\VDK-11-5\Bai5_TRAFFIC_UART\i2c\i2c.c
                i2c_write   0x001b7c    program     extern C:\Users\VanTrieu\Downloads\VDK-11-5\Bai5_TRAFFIC_UART\i2c\i2c.c
                 init_adc   0x0025ca    program     extern C:\Users\VanTrieu\Downloads\VDK-11-5\Bai5_TRAFFIC_UART\adc\adc.c
            init_ext_int0   0x001fec    program     extern C:\Users\VanTrieu\Downloads\VDK-11-5\Bai5_TRAFFIC_UART\interrupt\interrupt.c
                 init_i2c   0x001b38    program     extern C:\Users\VanTrieu\Downloads\VDK-11-5\Bai5_TRAFFIC_UART\i2c\i2c.c
           init_interrupt   0x001fe4    program     extern C:\Users\VanTrieu\Downloads\VDK-11-5\Bai5_TRAFFIC_UART\interrupt\interrupt.c
          init_key_matrix   0x001786    program     extern C:\Users\VanTrieu\Downloads\VDK-11-5\Bai5_TRAFFIC_UART\button_matrix\button.c
init_key_matrix_new_board   0x0019ce    program     extern C:\Users\VanTrieu\Downloads\VDK-11-5\Bai5_TRAFFIC_UART\button_matrix\button.c
init_key_matrix_with_uart_i2c   0x00178e    program     extern C:\Users\VanTrieu\Downloads\VDK-11-5\Bai5_TRAFFIC_UART\button_matrix\button.c
              init_output   0x00010c    program     extern C:\Users\VanTrieu\Downloads\VDK-11-5\Bai5_TRAFFIC_UART\main.c
                 init_pwm   0x00274c    program     extern C:\Users\VanTrieu\Downloads\VDK-11-5\Bai5_TRAFFIC_UART\pwm\pwm.c
              init_system   0x00011a    program     extern C:\Users\VanTrieu\Downloads\VDK-11-5\Bai5_TRAFFIC_UART\main.c
              init_timer0   0x001d80    program     extern C:\Users\VanTrieu\Downloads\VDK-11-5\Bai5_TRAFFIC_UART\timer\timer.c
              init_timer1   0x001dac    program     extern C:\Users\VanTrieu\Downloads\VDK-11-5\Bai5_TRAFFIC_UART\timer\timer.c
              init_timer2   0x001dde    program     extern C:\Users\VanTrieu\Downloads\VDK-11-5\Bai5_TRAFFIC_UART\timer\timer.c
              init_timer3   0x001e0a    program     extern C:\Users\VanTrieu\Downloads\VDK-11-5\Bai5_TRAFFIC_UART\timer\timer.c
                init_uart   0x002160    program     extern C:\Users\VanTrieu\Downloads\VDK-11-5\Bai5_TRAFFIC_UART\uart\uart.c
           isButtonNumber   0x00037c    program     extern C:\Users\VanTrieu\Downloads\VDK-11-5\Bai5_TRAFFIC_UART\main.c
          isButtonSetTime   0x000346    program     extern C:\Users\VanTrieu\Downloads\VDK-11-5\Bai5_TRAFFIC_UART\main.c
          isComfirmButton   0x00040e    program     extern C:\Users\VanTrieu\Downloads\VDK-11-5\Bai5_TRAFFIC_UART\main.c
          isManualControl   0x00035e    program     extern C:\Users\VanTrieu\Downloads\VDK-11-5\Bai5_TRAFFIC_UART\main.c
          isStandByButton   0x00042c    program     extern C:\Users\VanTrieu\Downloads\VDK-11-5\Bai5_TRAFFIC_UART\main.c
                lcd_clear   0x0010b6    program     extern C:\Users\VanTrieu\Downloads\VDK-11-5\Bai5_TRAFFIC_UART\lcd\lcd.c
                lcd_delay   0x000f0a    program     extern C:\Users\VanTrieu\Downloads\VDK-11-5\Bai5_TRAFFIC_UART\lcd\lcd.c
                 lcd_init   0x000fa8    program     extern C:\Users\VanTrieu\Downloads\VDK-11-5\Bai5_TRAFFIC_UART\lcd\lcd.c
             lcd_power_of   0x0010c6    program     extern C:\Users\VanTrieu\Downloads\VDK-11-5\Bai5_TRAFFIC_UART\lcd\lcd.c
           lcd_print_char   0x001058    program     extern C:\Users\VanTrieu\Downloads\VDK-11-5\Bai5_TRAFFIC_UART\lcd\lcd.c
          lcd_print_charS   0x001252    program     extern C:\Users\VanTrieu\Downloads\VDK-11-5\Bai5_TRAFFIC_UART\lcd\lcd.c
            lcd_print_num   0x001170    program     extern C:\Users\VanTrieu\Downloads\VDK-11-5\Bai5_TRAFFIC_UART\lcd\lcd.c
            lcd_print_str   0x00105a    program     extern C:\Users\VanTrieu\Downloads\VDK-11-5\Bai5_TRAFFIC_UART\lcd\lcd.c
              lcd_putchar   0x001056    program     extern C:\Users\VanTrieu\Downloads\VDK-11-5\Bai5_TRAFFIC_UART\lcd\lcd.c
          lcd_read_status   0x000fe0    program     extern C:\Users\VanTrieu\Downloads\VDK-11-5\Bai5_TRAFFIC_UART\lcd\lcd.c
          lcd_sendCommand   0x000f96    program     extern C:\Users\VanTrieu\Downloads\VDK-11-5\Bai5_TRAFFIC_UART\lcd\lcd.c
           lcd_set_cursor   0x00108a    program     extern C:\Users\VanTrieu\Downloads\VDK-11-5\Bai5_TRAFFIC_UART\lcd\lcd.c
            lcd_wait_busy   0x001018    program     extern C:\Users\VanTrieu\Downloads\VDK-11-5\Bai5_TRAFFIC_UART\lcd\lcd.c
          lcd_write_4bits   0x00102a    program     extern C:\Users\VanTrieu\Downloads\VDK-11-5\Bai5_TRAFFIC_UART\lcd\lcd.c
            lcd_write_cmd   0x00103c    program     extern C:\Users\VanTrieu\Downloads\VDK-11-5\Bai5_TRAFFIC_UART\lcd\lcd.c
           lcd_write_data   0x001048    program     extern C:\Users\VanTrieu\Downloads\VDK-11-5\Bai5_TRAFFIC_UART\lcd\lcd.c
                     loop   0x00271e    program     static                          
                     loop   0x00278e    program     static                          
                     loop   0x0026d8    program     static                          
                     loop   0x0027e0    program     static                          
                     loop   0x0027f4    program     static                          
                   loop_h   0x0027be    program     static E:\3.46\pic18-lt\cxx-framework\src\traditional\proc\p18f4620.asm
                   loop_l   0x0027c8    program     static E:\3.46\pic18-lt\cxx-framework\src\traditional\proc\p18f4620.asm
                  low_isr   0x001ff4    program     extern C:\Users\VanTrieu\Downloads\VDK-11-5\Bai5_TRAFFIC_UART\interrupt\interrupt.c
                     main   0x000080    program     extern C:\Users\VanTrieu\Downloads\VDK-11-5\Bai5_TRAFFIC_UART\main.c
              read_ds1307   0x001c46    program     extern C:\Users\VanTrieu\Downloads\VDK-11-5\Bai5_TRAFFIC_UART\i2c\i2c.c
              read_eeprom   0x001ca0    program     extern C:\Users\VanTrieu\Downloads\VDK-11-5\Bai5_TRAFFIC_UART\i2c\i2c.c
                    scan1   0x000974    program     extern C:\Users\VanTrieu\Downloads\VDK-11-5\Bai5_TRAFFIC_UART\main.c
                    scan2   0x0009c2    program     extern C:\Users\VanTrieu\Downloads\VDK-11-5\Bai5_TRAFFIC_UART\main.c
          scan_key_matrix   0x00179e    program     extern C:\Users\VanTrieu\Downloads\VDK-11-5\Bai5_TRAFFIC_UART\button_matrix\button.c
   scan_key_matrix_1_line   0x001820    program     extern C:\Users\VanTrieu\Downloads\VDK-11-5\Bai5_TRAFFIC_UART\button_matrix\button.c
     scan_key_matrix_demo   0x0018e0    program     extern C:\Users\VanTrieu\Downloads\VDK-11-5\Bai5_TRAFFIC_UART\button_matrix\button.c
scan_key_matrix_new_board   0x001936    program     extern C:\Users\VanTrieu\Downloads\VDK-11-5\Bai5_TRAFFIC_UART\button_matrix\button.c
scan_key_matrix_with_uart   0x0017de    program     extern C:\Users\VanTrieu\Downloads\VDK-11-5\Bai5_TRAFFIC_UART\button_matrix\button.c
scan_key_matrix_with_uart_i2c   0x001854    program     extern C:\Users\VanTrieu\Downloads\VDK-11-5\Bai5_TRAFFIC_UART\button_matrix\button.c
             set_DC_speed   0x00276e    program     extern C:\Users\VanTrieu\Downloads\VDK-11-5\Bai5_TRAFFIC_UART\pwm\pwm.c
                 set_time   0x000344    program     extern C:\Users\VanTrieu\Downloads\VDK-11-5\Bai5_TRAFFIC_UART\main.c
            showLedPhase1   0x000aae    program     extern C:\Users\VanTrieu\Downloads\VDK-11-5\Bai5_TRAFFIC_UART\main.c
            showLedPhase2   0x000aca    program     extern C:\Users\VanTrieu\Downloads\VDK-11-5\Bai5_TRAFFIC_UART\main.c
             start_timer0   0x001da6    program     extern C:\Users\VanTrieu\Downloads\VDK-11-5\Bai5_TRAFFIC_UART\timer\timer.c
             start_timer1   0x001dd4    program     extern C:\Users\VanTrieu\Downloads\VDK-11-5\Bai5_TRAFFIC_UART\timer\timer.c
             start_timer2   0x001dfe    program     extern C:\Users\VanTrieu\Downloads\VDK-11-5\Bai5_TRAFFIC_UART\timer\timer.c
             start_timer3   0x001e38    program     extern C:\Users\VanTrieu\Downloads\VDK-11-5\Bai5_TRAFFIC_UART\timer\timer.c
              stop_timer0   0x001da2    program     extern C:\Users\VanTrieu\Downloads\VDK-11-5\Bai5_TRAFFIC_UART\timer\timer.c
              stop_timer1   0x001dda    program     extern C:\Users\VanTrieu\Downloads\VDK-11-5\Bai5_TRAFFIC_UART\timer\timer.c
              stop_timer2   0x001e06    program     extern C:\Users\VanTrieu\Downloads\VDK-11-5\Bai5_TRAFFIC_UART\timer\timer.c
              stop_timer3   0x001e48    program     extern C:\Users\VanTrieu\Downloads\VDK-11-5\Bai5_TRAFFIC_UART\timer\timer.c
                     test   0x002546    program     static                          
               timer0_isr   0x001e4c    program     extern C:\Users\VanTrieu\Downloads\VDK-11-5\Bai5_TRAFFIC_UART\timer\timer.c
               timer1_isr   0x001e68    program     extern C:\Users\VanTrieu\Downloads\VDK-11-5\Bai5_TRAFFIC_UART\timer\timer.c
               timer2_isr   0x001e84    program     extern C:\Users\VanTrieu\Downloads\VDK-11-5\Bai5_TRAFFIC_UART\timer\timer.c
               timer3_isr   0x001ea0    program     extern C:\Users\VanTrieu\Downloads\VDK-11-5\Bai5_TRAFFIC_UART\timer\timer.c
         turnOffLedPhase1   0x000ae6    program     extern C:\Users\VanTrieu\Downloads\VDK-11-5\Bai5_TRAFFIC_UART\main.c
         turnOffLedPhase2   0x000aec    program     extern C:\Users\VanTrieu\Downloads\VDK-11-5\Bai5_TRAFFIC_UART\main.c
            uart_delay_ms   0x00217e    program     extern C:\Users\VanTrieu\Downloads\VDK-11-5\Bai5_TRAFFIC_UART\uart\uart.c
                 uart_isr   0x00224a    program     extern C:\Users\VanTrieu\Downloads\VDK-11-5\Bai5_TRAFFIC_UART\uart\uart.c
uart_isr_simulate_machine   0x002282    program     extern C:\Users\VanTrieu\Downloads\VDK-11-5\Bai5_TRAFFIC_UART\simulate_machine\simulate_machine.c
             uart_putchar   0x0021fa    program     extern C:\Users\VanTrieu\Downloads\VDK-11-5\Bai5_TRAFFIC_UART\uart\uart.c
            uart_send_str   0x00220a    program     extern C:\Users\VanTrieu\Downloads\VDK-11-5\Bai5_TRAFFIC_UART\uart\uart.c
                 v_timer0   0x000f50    program     extern C:\Users\VanTrieu\Downloads\VDK-11-5\Bai5_TRAFFIC_UART\lcd\lcd.c
             write_ds1307   0x001baa    program     extern C:\Users\VanTrieu\Downloads\VDK-11-5\Bai5_TRAFFIC_UART\i2c\i2c.c
             write_eeprom   0x001bf4    program     extern C:\Users\VanTrieu\Downloads\VDK-11-5\Bai5_TRAFFIC_UART\i2c\i2c.c
               zero_block   0x0027be    program     static E:\3.46\pic18-lt\cxx-framework\src\traditional\proc\p18f4620.asm
                   ADCON0   0x000fc2       data     extern E:\3.46\pic18-lt\cxx-framework\src\traditional\proc\p18f4620.asm
               ADCON0bits   0x000fc2       data     extern E:\3.46\pic18-lt\cxx-framework\src\traditional\proc\p18f4620.asm
                   ADCON1   0x000fc1       data     extern E:\3.46\pic18-lt\cxx-framework\src\traditional\proc\p18f4620.asm
               ADCON1bits   0x000fc1       data     extern E:\3.46\pic18-lt\cxx-framework\src\traditional\proc\p18f4620.asm
                   ADCON2   0x000fc0       data     extern E:\3.46\pic18-lt\cxx-framework\src\traditional\proc\p18f4620.asm
               ADCON2bits   0x000fc0       data     extern E:\3.46\pic18-lt\cxx-framework\src\traditional\proc\p18f4620.asm
                    ADRES   0x000fc3       data     extern E:\3.46\pic18-lt\cxx-framework\src\traditional\proc\p18f4620.asm
                   ADRESH   0x000fc4       data     extern E:\3.46\pic18-lt\cxx-framework\src\traditional\proc\p18f4620.asm
                   ADRESL   0x000fc3       data     extern E:\3.46\pic18-lt\cxx-framework\src\traditional\proc\p18f4620.asm
                  BAUDCON   0x000fb8       data     extern E:\3.46\pic18-lt\cxx-framework\src\traditional\proc\p18f4620.asm
              BAUDCONbits   0x000fb8       data     extern E:\3.46\pic18-lt\cxx-framework\src\traditional\proc\p18f4620.asm
                  BAUDCTL   0x000fb8       data     extern E:\3.46\pic18-lt\cxx-framework\src\traditional\proc\p18f4620.asm
              BAUDCTLbits   0x000fb8       data     extern E:\3.46\pic18-lt\cxx-framework\src\traditional\proc\p18f4620.asm
                      BSR   0x000fe0       data     extern E:\3.46\pic18-lt\cxx-framework\src\traditional\proc\p18f4620.asm
                  CCP1CON   0x000fbd       data     extern E:\3.46\pic18-lt\cxx-framework\src\traditional\proc\p18f4620.asm
              CCP1CONbits   0x000fbd       data     extern E:\3.46\pic18-lt\cxx-framework\src\traditional\proc\p18f4620.asm
                  CCP2CON   0x000fba       data     extern E:\3.46\pic18-lt\cxx-framework\src\traditional\proc\p18f4620.asm
              CCP2CONbits   0x000fba       data     extern E:\3.46\pic18-lt\cxx-framework\src\traditional\proc\p18f4620.asm
                    CCPR1   0x000fbe       data     extern E:\3.46\pic18-lt\cxx-framework\src\traditional\proc\p18f4620.asm
                   CCPR1H   0x000fbf       data     extern E:\3.46\pic18-lt\cxx-framework\src\traditional\proc\p18f4620.asm
                   CCPR1L   0x000fbe       data     extern E:\3.46\pic18-lt\cxx-framework\src\traditional\proc\p18f4620.asm
                    CCPR2   0x000fbb       data     extern E:\3.46\pic18-lt\cxx-framework\src\traditional\proc\p18f4620.asm
                   CCPR2H   0x000fbc       data     extern E:\3.46\pic18-lt\cxx-framework\src\traditional\proc\p18f4620.asm
                   CCPR2L   0x000fbb       data     extern E:\3.46\pic18-lt\cxx-framework\src\traditional\proc\p18f4620.asm
                    CMCON   0x000fb4       data     extern E:\3.46\pic18-lt\cxx-framework\src\traditional\proc\p18f4620.asm
                CMCONbits   0x000fb4       data     extern E:\3.46\pic18-lt\cxx-framework\src\traditional\proc\p18f4620.asm
                COD_value   0x0001af       data     extern C:\Users\VanTrieu\Downloads\VDK-11-5\Bai5_TRAFFIC_UART\simulate_machine\simulate_machine.c
                   CVRCON   0x000fb5       data     extern E:\3.46\pic18-lt\cxx-framework\src\traditional\proc\p18f4620.asm
               CVRCONbits   0x000fb5       data     extern E:\3.46\pic18-lt\cxx-framework\src\traditional\proc\p18f4620.asm
                     DDRA   0x000f92       data     extern E:\3.46\pic18-lt\cxx-framework\src\traditional\proc\p18f4620.asm
                 DDRAbits   0x000f92       data     extern E:\3.46\pic18-lt\cxx-framework\src\traditional\proc\p18f4620.asm
                     DDRB   0x000f93       data     extern E:\3.46\pic18-lt\cxx-framework\src\traditional\proc\p18f4620.asm
                 DDRBbits   0x000f93       data     extern E:\3.46\pic18-lt\cxx-framework\src\traditional\proc\p18f4620.asm
                     DDRC   0x000f94       data     extern E:\3.46\pic18-lt\cxx-framework\src\traditional\proc\p18f4620.asm
                 DDRCbits   0x000f94       data     extern E:\3.46\pic18-lt\cxx-framework\src\traditional\proc\p18f4620.asm
                     DDRD   0x000f95       data     extern E:\3.46\pic18-lt\cxx-framework\src\traditional\proc\p18f4620.asm
                 DDRDbits   0x000f95       data     extern E:\3.46\pic18-lt\cxx-framework\src\traditional\proc\p18f4620.asm
                     DDRE   0x000f96       data     extern E:\3.46\pic18-lt\cxx-framework\src\traditional\proc\p18f4620.asm
                 DDREbits   0x000f96       data     extern E:\3.46\pic18-lt\cxx-framework\src\traditional\proc\p18f4620.asm
                  ECCP1AS   0x000fb6       data     extern E:\3.46\pic18-lt\cxx-framework\src\traditional\proc\p18f4620.asm
              ECCP1ASbits   0x000fb6       data     extern E:\3.46\pic18-lt\cxx-framework\src\traditional\proc\p18f4620.asm
                    EEADR   0x000fa9       data     extern E:\3.46\pic18-lt\cxx-framework\src\traditional\proc\p18f4620.asm
                   EEADRH   0x000faa       data     extern E:\3.46\pic18-lt\cxx-framework\src\traditional\proc\p18f4620.asm
                   EECON1   0x000fa6       data     extern E:\3.46\pic18-lt\cxx-framework\src\traditional\proc\p18f4620.asm
               EECON1bits   0x000fa6       data     extern E:\3.46\pic18-lt\cxx-framework\src\traditional\proc\p18f4620.asm
                   EECON2   0x000fa7       data     extern E:\3.46\pic18-lt\cxx-framework\src\traditional\proc\p18f4620.asm
                   EEDATA   0x000fa8       data     extern E:\3.46\pic18-lt\cxx-framework\src\traditional\proc\p18f4620.asm
               FLOW_value   0x0001ae       data     extern C:\Users\VanTrieu\Downloads\VDK-11-5\Bai5_TRAFFIC_UART\simulate_machine\simulate_machine.c
                     FSR0   0x000fe9       data     extern E:\3.46\pic18-lt\cxx-framework\src\traditional\proc\p18f4620.asm
                    FSR0H   0x000fea       data     extern E:\3.46\pic18-lt\cxx-framework\src\traditional\proc\p18f4620.asm
                    FSR0L   0x000fe9       data     extern E:\3.46\pic18-lt\cxx-framework\src\traditional\proc\p18f4620.asm
                     FSR1   0x000fe1       data     extern E:\3.46\pic18-lt\cxx-framework\src\traditional\proc\p18f4620.asm
                    FSR1H   0x000fe2       data     extern E:\3.46\pic18-lt\cxx-framework\src\traditional\proc\p18f4620.asm
                    FSR1L   0x000fe1       data     extern E:\3.46\pic18-lt\cxx-framework\src\traditional\proc\p18f4620.asm
                     FSR2   0x000fd9       data     extern E:\3.46\pic18-lt\cxx-framework\src\traditional\proc\p18f4620.asm
                    FSR2H   0x000fda       data     extern E:\3.46\pic18-lt\cxx-framework\src\traditional\proc\p18f4620.asm
                    FSR2L   0x000fd9       data     extern E:\3.46\pic18-lt\cxx-framework\src\traditional\proc\p18f4620.asm
                  HLVDCON   0x000fd2       data     extern E:\3.46\pic18-lt\cxx-framework\src\traditional\proc\p18f4620.asm
              HLVDCONbits   0x000fd2       data     extern E:\3.46\pic18-lt\cxx-framework\src\traditional\proc\p18f4620.asm
                    INDF0   0x000fef       data     extern E:\3.46\pic18-lt\cxx-framework\src\traditional\proc\p18f4620.asm
                    INDF1   0x000fe7       data     extern E:\3.46\pic18-lt\cxx-framework\src\traditional\proc\p18f4620.asm
                    INDF2   0x000fdf       data     extern E:\3.46\pic18-lt\cxx-framework\src\traditional\proc\p18f4620.asm
                   INTCON   0x000ff2       data     extern E:\3.46\pic18-lt\cxx-framework\src\traditional\proc\p18f4620.asm
                  INTCON2   0x000ff1       data     extern E:\3.46\pic18-lt\cxx-framework\src\traditional\proc\p18f4620.asm
              INTCON2bits   0x000ff1       data     extern E:\3.46\pic18-lt\cxx-framework\src\traditional\proc\p18f4620.asm
                  INTCON3   0x000ff0       data     extern E:\3.46\pic18-lt\cxx-framework\src\traditional\proc\p18f4620.asm
              INTCON3bits   0x000ff0       data     extern E:\3.46\pic18-lt\cxx-framework\src\traditional\proc\p18f4620.asm
               INTCONbits   0x000ff2       data     extern E:\3.46\pic18-lt\cxx-framework\src\traditional\proc\p18f4620.asm
                     IPR1   0x000f9f       data     extern E:\3.46\pic18-lt\cxx-framework\src\traditional\proc\p18f4620.asm
                 IPR1bits   0x000f9f       data     extern E:\3.46\pic18-lt\cxx-framework\src\traditional\proc\p18f4620.asm
                     IPR2   0x000fa2       data     extern E:\3.46\pic18-lt\cxx-framework\src\traditional\proc\p18f4620.asm
                 IPR2bits   0x000fa2       data     extern E:\3.46\pic18-lt\cxx-framework\src\traditional\proc\p18f4620.asm
                     LATA   0x000f89       data     extern E:\3.46\pic18-lt\cxx-framework\src\traditional\proc\p18f4620.asm
                 LATAbits   0x000f89       data     extern E:\3.46\pic18-lt\cxx-framework\src\traditional\proc\p18f4620.asm
                     LATB   0x000f8a       data     extern E:\3.46\pic18-lt\cxx-framework\src\traditional\proc\p18f4620.asm
                 LATBbits   0x000f8a       data     extern E:\3.46\pic18-lt\cxx-framework\src\traditional\proc\p18f4620.asm
                     LATC   0x000f8b       data     extern E:\3.46\pic18-lt\cxx-framework\src\traditional\proc\p18f4620.asm
                 LATCbits   0x000f8b       data     extern E:\3.46\pic18-lt\cxx-framework\src\traditional\proc\p18f4620.asm
                     LATD   0x000f8c       data     extern E:\3.46\pic18-lt\cxx-framework\src\traditional\proc\p18f4620.asm
                 LATDbits   0x000f8c       data     extern E:\3.46\pic18-lt\cxx-framework\src\traditional\proc\p18f4620.asm
                     LATE   0x000f8d       data     extern E:\3.46\pic18-lt\cxx-framework\src\traditional\proc\p18f4620.asm
                 LATEbits   0x000f8d       data     extern E:\3.46\pic18-lt\cxx-framework\src\traditional\proc\p18f4620.asm
                   LVDCON   0x000fd2       data     extern E:\3.46\pic18-lt\cxx-framework\src\traditional\proc\p18f4620.asm
               LVDCONbits   0x000fd2       data     extern E:\3.46\pic18-lt\cxx-framework\src\traditional\proc\p18f4620.asm
                LcdScreen   0x000f41       data     extern C:\Users\VanTrieu\Downloads\VDK-11-5\Bai5_TRAFFIC_UART\lcd\lcd.c
                NH4_value   0x0001b2       data     extern C:\Users\VanTrieu\Downloads\VDK-11-5\Bai5_TRAFFIC_UART\simulate_machine\simulate_machine.c
                NO3_value   0x0001b1       data     extern C:\Users\VanTrieu\Downloads\VDK-11-5\Bai5_TRAFFIC_UART\simulate_machine\simulate_machine.c
                   OSCCON   0x000fd3       data     extern E:\3.46\pic18-lt\cxx-framework\src\traditional\proc\p18f4620.asm
               OSCCONbits   0x000fd3       data     extern E:\3.46\pic18-lt\cxx-framework\src\traditional\proc\p18f4620.asm
                  OSCTUNE   0x000f9b       data     extern E:\3.46\pic18-lt\cxx-framework\src\traditional\proc\p18f4620.asm
              OSCTUNEbits   0x000f9b       data     extern E:\3.46\pic18-lt\cxx-framework\src\traditional\proc\p18f4620.asm
                       PC   0x000ff9       data     extern E:\3.46\pic18-lt\cxx-framework\src\traditional\proc\p18f4620.asm
                      PCL   0x000ff9       data     extern E:\3.46\pic18-lt\cxx-framework\src\traditional\proc\p18f4620.asm
                   PCLATH   0x000ffa       data     extern E:\3.46\pic18-lt\cxx-framework\src\traditional\proc\p18f4620.asm
                   PCLATU   0x000ffb       data     extern E:\3.46\pic18-lt\cxx-framework\src\traditional\proc\p18f4620.asm
                     PIE1   0x000f9d       data     extern E:\3.46\pic18-lt\cxx-framework\src\traditional\proc\p18f4620.asm
                 PIE1bits   0x000f9d       data     extern E:\3.46\pic18-lt\cxx-framework\src\traditional\proc\p18f4620.asm
                     PIE2   0x000fa0       data     extern E:\3.46\pic18-lt\cxx-framework\src\traditional\proc\p18f4620.asm
                 PIE2bits   0x000fa0       data     extern E:\3.46\pic18-lt\cxx-framework\src\traditional\proc\p18f4620.asm
                     PIR1   0x000f9e       data     extern E:\3.46\pic18-lt\cxx-framework\src\traditional\proc\p18f4620.asm
                 PIR1bits   0x000f9e       data     extern E:\3.46\pic18-lt\cxx-framework\src\traditional\proc\p18f4620.asm
                     PIR2   0x000fa1       data     extern E:\3.46\pic18-lt\cxx-framework\src\traditional\proc\p18f4620.asm
                 PIR2bits   0x000fa1       data     extern E:\3.46\pic18-lt\cxx-framework\src\traditional\proc\p18f4620.asm
                   PLUSW0   0x000feb       data     extern E:\3.46\pic18-lt\cxx-framework\src\traditional\proc\p18f4620.asm
                   PLUSW1   0x000fe3       data     extern E:\3.46\pic18-lt\cxx-framework\src\traditional\proc\p18f4620.asm
                   PLUSW2   0x000fdb       data     extern E:\3.46\pic18-lt\cxx-framework\src\traditional\proc\p18f4620.asm
                    PORTA   0x000f80       data     extern E:\3.46\pic18-lt\cxx-framework\src\traditional\proc\p18f4620.asm
                PORTAbits   0x000f80       data     extern E:\3.46\pic18-lt\cxx-framework\src\traditional\proc\p18f4620.asm
                    PORTB   0x000f81       data     extern E:\3.46\pic18-lt\cxx-framework\src\traditional\proc\p18f4620.asm
                PORTBbits   0x000f81       data     extern E:\3.46\pic18-lt\cxx-framework\src\traditional\proc\p18f4620.asm
                    PORTC   0x000f82       data     extern E:\3.46\pic18-lt\cxx-framework\src\traditional\proc\p18f4620.asm
                PORTCbits   0x000f82       data     extern E:\3.46\pic18-lt\cxx-framework\src\traditional\proc\p18f4620.asm
                    PORTD   0x000f83       data     extern E:\3.46\pic18-lt\cxx-framework\src\traditional\proc\p18f4620.asm
                PORTDbits   0x000f83       data     extern E:\3.46\pic18-lt\cxx-framework\src\traditional\proc\p18f4620.asm
                    PORTE   0x000f84       data     extern E:\3.46\pic18-lt\cxx-framework\src\traditional\proc\p18f4620.asm
                PORTEbits   0x000f84       data     extern E:\3.46\pic18-lt\cxx-framework\src\traditional\proc\p18f4620.asm
                 POSTDEC0   0x000fed       data     extern E:\3.46\pic18-lt\cxx-framework\src\traditional\proc\p18f4620.asm
                 POSTDEC1   0x000fe5       data     extern E:\3.46\pic18-lt\cxx-framework\src\traditional\proc\p18f4620.asm
                 POSTDEC2   0x000fdd       data     extern E:\3.46\pic18-lt\cxx-framework\src\traditional\proc\p18f4620.asm
                 POSTINC0   0x000fee       data     extern E:\3.46\pic18-lt\cxx-framework\src\traditional\proc\p18f4620.asm
                 POSTINC1   0x000fe6       data     extern E:\3.46\pic18-lt\cxx-framework\src\traditional\proc\p18f4620.asm
                 POSTINC2   0x000fde       data     extern E:\3.46\pic18-lt\cxx-framework\src\traditional\proc\p18f4620.asm
                      PR2   0x000fcb       data     extern E:\3.46\pic18-lt\cxx-framework\src\traditional\proc\p18f4620.asm
                  PREINC0   0x000fec       data     extern E:\3.46\pic18-lt\cxx-framework\src\traditional\proc\p18f4620.asm
                  PREINC1   0x000fe4       data     extern E:\3.46\pic18-lt\cxx-framework\src\traditional\proc\p18f4620.asm
                  PREINC2   0x000fdc       data     extern E:\3.46\pic18-lt\cxx-framework\src\traditional\proc\p18f4620.asm
                     PROD   0x000ff3       data     extern E:\3.46\pic18-lt\cxx-framework\src\traditional\proc\p18f4620.asm
                    PRODH   0x000ff4       data     extern E:\3.46\pic18-lt\cxx-framework\src\traditional\proc\p18f4620.asm
                    PRODL   0x000ff3       data     extern E:\3.46\pic18-lt\cxx-framework\src\traditional\proc\p18f4620.asm
                  PWM1CON   0x000fb7       data     extern E:\3.46\pic18-lt\cxx-framework\src\traditional\proc\p18f4620.asm
              PWM1CONbits   0x000fb7       data     extern E:\3.46\pic18-lt\cxx-framework\src\traditional\proc\p18f4620.asm
                     RCON   0x000fd0       data     extern E:\3.46\pic18-lt\cxx-framework\src\traditional\proc\p18f4620.asm
                 RCONbits   0x000fd0       data     extern E:\3.46\pic18-lt\cxx-framework\src\traditional\proc\p18f4620.asm
                    RCREG   0x000fae       data     extern E:\3.46\pic18-lt\cxx-framework\src\traditional\proc\p18f4620.asm
                    RCSTA   0x000fab       data     extern E:\3.46\pic18-lt\cxx-framework\src\traditional\proc\p18f4620.asm
                RCSTAbits   0x000fab       data     extern E:\3.46\pic18-lt\cxx-framework\src\traditional\proc\p18f4620.asm
                     SIGN   0x000000       data     extern E:\3.46\pic18-lt\cxx-framework\src\traditional\math\cmath18.asm
                    SPBRG   0x000faf       data     extern E:\3.46\pic18-lt\cxx-framework\src\traditional\proc\p18f4620.asm
                   SPBRGH   0x000fb0       data     extern E:\3.46\pic18-lt\cxx-framework\src\traditional\proc\p18f4620.asm
                   SSPADD   0x000fc8       data     extern E:\3.46\pic18-lt\cxx-framework\src\traditional\proc\p18f4620.asm
                   SSPBUF   0x000fc9       data     extern E:\3.46\pic18-lt\cxx-framework\src\traditional\proc\p18f4620.asm
                  SSPCON1   0x000fc6       data     extern E:\3.46\pic18-lt\cxx-framework\src\traditional\proc\p18f4620.asm
              SSPCON1bits   0x000fc6       data     extern E:\3.46\pic18-lt\cxx-framework\src\traditional\proc\p18f4620.asm
                  SSPCON2   0x000fc5       data     extern E:\3.46\pic18-lt\cxx-framework\src\traditional\proc\p18f4620.asm
              SSPCON2bits   0x000fc5       data     extern E:\3.46\pic18-lt\cxx-framework\src\traditional\proc\p18f4620.asm
                  SSPSTAT   0x000fc7       data     extern E:\3.46\pic18-lt\cxx-framework\src\traditional\proc\p18f4620.asm
              SSPSTATbits   0x000fc7       data     extern E:\3.46\pic18-lt\cxx-framework\src\traditional\proc\p18f4620.asm
                   STATUS   0x000fd8       data     extern E:\3.46\pic18-lt\cxx-framework\src\traditional\proc\p18f4620.asm
               STATUSbits   0x000fd8       data     extern E:\3.46\pic18-lt\cxx-framework\src\traditional\proc\p18f4620.asm
                   STKPTR   0x000ffc       data     extern E:\3.46\pic18-lt\cxx-framework\src\traditional\proc\p18f4620.asm
               STKPTRbits   0x000ffc       data     extern E:\3.46\pic18-lt\cxx-framework\src\traditional\proc\p18f4620.asm
                    T0CON   0x000fd5       data     extern E:\3.46\pic18-lt\cxx-framework\src\traditional\proc\p18f4620.asm
                T0CONbits   0x000fd5       data     extern E:\3.46\pic18-lt\cxx-framework\src\traditional\proc\p18f4620.asm
                    T1CON   0x000fcd       data     extern E:\3.46\pic18-lt\cxx-framework\src\traditional\proc\p18f4620.asm
                T1CONbits   0x000fcd       data     extern E:\3.46\pic18-lt\cxx-framework\src\traditional\proc\p18f4620.asm
                    T2CON   0x000fca       data     extern E:\3.46\pic18-lt\cxx-framework\src\traditional\proc\p18f4620.asm
                T2CONbits   0x000fca       data     extern E:\3.46\pic18-lt\cxx-framework\src\traditional\proc\p18f4620.asm
                    T3CON   0x000fb1       data     extern E:\3.46\pic18-lt\cxx-framework\src\traditional\proc\p18f4620.asm
                T3CONbits   0x000fb1       data     extern E:\3.46\pic18-lt\cxx-framework\src\traditional\proc\p18f4620.asm
                   TABLAT   0x000ff5       data     extern E:\3.46\pic18-lt\cxx-framework\src\traditional\proc\p18f4620.asm
                   TBLPTR   0x000ff6       data     extern E:\3.46\pic18-lt\cxx-framework\src\traditional\proc\p18f4620.asm
                  TBLPTRH   0x000ff7       data     extern E:\3.46\pic18-lt\cxx-framework\src\traditional\proc\p18f4620.asm
                  TBLPTRL   0x000ff6       data     extern E:\3.46\pic18-lt\cxx-framework\src\traditional\proc\p18f4620.asm
                  TBLPTRU   0x000ff8       data     extern E:\3.46\pic18-lt\cxx-framework\src\traditional\proc\p18f4620.asm
               TEMP_value   0x0001ac       data     extern C:\Users\VanTrieu\Downloads\VDK-11-5\Bai5_TRAFFIC_UART\simulate_machine\simulate_machine.c
                    TMR0H   0x000fd7       data     extern E:\3.46\pic18-lt\cxx-framework\src\traditional\proc\p18f4620.asm
                    TMR0L   0x000fd6       data     extern E:\3.46\pic18-lt\cxx-framework\src\traditional\proc\p18f4620.asm
                    TMR1H   0x000fcf       data     extern E:\3.46\pic18-lt\cxx-framework\src\traditional\proc\p18f4620.asm
                    TMR1L   0x000fce       data     extern E:\3.46\pic18-lt\cxx-framework\src\traditional\proc\p18f4620.asm
                     TMR2   0x000fcc       data     extern E:\3.46\pic18-lt\cxx-framework\src\traditional\proc\p18f4620.asm
                    TMR3H   0x000fb3       data     extern E:\3.46\pic18-lt\cxx-framework\src\traditional\proc\p18f4620.asm
                    TMR3L   0x000fb2       data     extern E:\3.46\pic18-lt\cxx-framework\src\traditional\proc\p18f4620.asm
                      TOS   0x000ffd       data     extern E:\3.46\pic18-lt\cxx-framework\src\traditional\proc\p18f4620.asm
                     TOSH   0x000ffe       data     extern E:\3.46\pic18-lt\cxx-framework\src\traditional\proc\p18f4620.asm
                     TOSL   0x000ffd       data     extern E:\3.46\pic18-lt\cxx-framework\src\traditional\proc\p18f4620.asm
                     TOSU   0x000fff       data     extern E:\3.46\pic18-lt\cxx-framework\src\traditional\proc\p18f4620.asm
[...]
                 DDRBbits   0x000f93       data     extern E:\3.46\pic18-lt\cxx-framework\src\traditional\proc\p18f4620.asm
                    TRISB   0x000f93       data     extern E:\3.46\pic18-lt\cxx-framework\src\traditional\proc\p18f4620.asm
                TRISBbits   0x000f93       data     extern E:\3.46\pic18-lt\cxx-framework\src\traditional\proc\p18f4620.asm
                 DDRCbits   0x000f94       data     extern E:\3.46\pic18-lt\cxx-framework\src\traditional\proc\p18f4620.asm
                     DDRC   0x000f94       data     extern E:\3.46\pic18-lt\cxx-framework\src\traditional\proc\p18f4620.asm
                    TRISC   0x000f94       data     extern E:\3.46\pic18-lt\cxx-framework\src\traditional\proc\p18f4620.asm
                TRISCbits   0x000f94       data     extern E:\3.46\pic18-lt\cxx-framework\src\traditional\proc\p18f4620.asm
                    TRISD   0x000f95       data     extern E:\3.46\pic18-lt\cxx-framework\src\traditional\proc\p18f4620.asm
                TRISDbits   0x000f95       data     extern E:\3.46\pic18-lt\cxx-framework\src\traditional\proc\p18f4620.asm
                 DDRDbits   0x000f95       data     extern E:\3.46\pic18-lt\cxx-framework\src\traditional\proc\p18f4620.asm
                     DDRD   0x000f95       data     extern E:\3.46\pic18-lt\cxx-framework\src\traditional\proc\p18f4620.asm
                     DDRE   0x000f96       data     extern E:\3.46\pic18-lt\cxx-framework\src\traditional\proc\p18f4620.asm
                 DDREbits   0x000f96       data     extern E:\3.46\pic18-lt\cxx-framework\src\traditional\proc\p18f4620.asm
                TRISEbits   0x000f96       data     extern E:\3.46\pic18-lt\cxx-framework\src\traditional\proc\p18f4620.asm
                    TRISE   0x000f96       data     extern E:\3.46\pic18-lt\cxx-framework\src\traditional\proc\p18f4620.asm
              OSCTUNEbits   0x000f9b       data     extern E:\3.46\pic18-lt\cxx-framework\src\traditional\proc\p18f4620.asm
                  OSCTUNE   0x000f9b       data     extern E:\3.46\pic18-lt\cxx-framework\src\traditional\proc\p18f4620.asm
                 PIE1bits   0x000f9d       data     extern E:\3.46\pic18-lt\cxx-framework\src\traditional\proc\p18f4620.asm
                     PIE1   0x000f9d       data     extern E:\3.46\pic18-lt\cxx-framework\src\traditional\proc\p18f4620.asm
                     PIR1   0x000f9e       data     extern E:\3.46\pic18-lt\cxx-framework\src\traditional\proc\p18f4620.asm
                 PIR1bits   0x000f9e       data     extern E:\3.46\pic18-lt\cxx-framework\src\traditional\proc\p18f4620.asm
                 IPR1bits   0x000f9f       data     extern E:\3.46\pic18-lt\cxx-framework\src\traditional\proc\p18f4620.asm
                     IPR1   0x000f9f       data     extern E:\3.46\pic18-lt\cxx-framework\src\traditional\proc\p18f4620.asm
                 PIE2bits   0x000fa0       data     extern E:\3.46\pic18-lt\cxx-framework\src\traditional\proc\p18f4620.asm
                     PIE2   0x000fa0       data     extern E:\3.46\pic18-lt\cxx-framework\src\traditional\proc\p18f4620.asm
                 PIR2bits   0x000fa1       data     extern E:\3.46\pic18-lt\cxx-framework\src\traditional\proc\p18f4620.asm
                     PIR2   0x000fa1       data     extern E:\3.46\pic18-lt\cxx-framework\src\traditional\proc\p18f4620.asm
                 IPR2bits   0x000fa2       data     extern E:\3.46\pic18-lt\cxx-framework\src\traditional\proc\p18f4620.asm
                     IPR2   0x000fa2       data     extern E:\3.46\pic18-lt\cxx-framework\src\traditional\proc\p18f4620.asm
                   EECON1   0x000fa6       data     extern E:\3.46\pic18-lt\cxx-framework\src\traditional\proc\p18f4620.asm
               EECON1bits   0x000fa6       data     extern E:\3.46\pic18-lt\cxx-framework\src\traditional\proc\p18f4620.asm
                   EECON2   0x000fa7       data     extern E:\3.46\pic18-lt\cxx-framework\src\traditional\proc\p18f4620.asm
                   EEDATA   0x000fa8       data     extern E:\3.46\pic18-lt\cxx-framework\src\traditional\proc\p18f4620.asm
                    EEADR   0x000fa9       data     extern E:\3.46\pic18-lt\cxx-framework\src\traditional\proc\p18f4620.asm
                   EEADRH   0x000faa       data     extern E:\3.46\pic18-lt\cxx-framework\src\traditional\proc\p18f4620.asm
                    RCSTA   0x000fab       data     extern E:\3.46\pic18-lt\cxx-framework\src\traditional\proc\p18f4620.asm
                RCSTAbits   0x000fab       data     extern E:\3.46\pic18-lt\cxx-framework\src\traditional\proc\p18f4620.asm
                    TXSTA   0x000fac       data     extern E:\3.46\pic18-lt\cxx-framework\src\traditional\proc\p18f4620.asm
                TXSTAbits   0x000fac       data     extern E:\3.46\pic18-lt\cxx-framework\src\traditional\proc\p18f4620.asm
                    TXREG   0x000fad       data     extern E:\3.46\pic18-lt\cxx-framework\src\traditional\proc\p18f4620.asm
                    RCREG   0x000fae       data     extern E:\3.46\pic18-lt\cxx-framework\src\traditional\proc\p18f4620.asm
                    SPBRG   0x000faf       data     extern E:\3.46\pic18-lt\cxx-framework\src\traditional\proc\p18f4620.asm
                   SPBRGH   0x000fb0       data     extern E:\3.46\pic18-lt\cxx-framework\src\traditional\proc\p18f4620.asm
                    T3CON   0x000fb1       data     extern E:\3.46\pic18-lt\cxx-framework\src\traditional\proc\p18f4620.asm
                T3CONbits   0x000fb1       data     extern E:\3.46\pic18-lt\cxx-framework\src\traditional\proc\p18f4620.asm
                    TMR3L   0x000fb2       data     extern E:\3.46\pic18-lt\cxx-framework\src\traditional\proc\p18f4620.asm
                    TMR3H   0x000fb3       data     extern E:\3.46\pic18-lt\cxx-framework\src\traditional\proc\p18f4620.asm
                CMCONbits   0x000fb4       data     extern E:\3.46\pic18-lt\cxx-framework\src\traditional\proc\p18f4620.asm
                    CMCON   0x000fb4       data     extern E:\3.46\pic18-lt\cxx-framework\src\traditional\proc\p18f4620.asm
               CVRCONbits   0x000fb5       data     extern E:\3.46\pic18-lt\cxx-framework\src\traditional\proc\p18f4620.asm
                   CVRCON   0x000fb5       data     extern E:\3.46\pic18-lt\cxx-framework\src\traditional\proc\p18f4620.asm
              ECCP1ASbits   0x000fb6       data     extern E:\3.46\pic18-lt\cxx-framework\src\traditional\proc\p18f4620.asm
                  ECCP1AS   0x000fb6       data     extern E:\3.46\pic18-lt\cxx-framework\src\traditional\proc\p18f4620.asm
              PWM1CONbits   0x000fb7       data     extern E:\3.46\pic18-lt\cxx-framework\src\traditional\proc\p18f4620.asm
                  PWM1CON   0x000fb7       data     extern E:\3.46\pic18-lt\cxx-framework\src\traditional\proc\p18f4620.asm
              BAUDCTLbits   0x000fb8       data     extern E:\3.46\pic18-lt\cxx-framework\src\traditional\proc\p18f4620.asm
                  BAUDCTL   0x000fb8       data     extern E:\3.46\pic18-lt\cxx-framework\src\traditional\proc\p18f4620.asm
              BAUDCONbits   0x000fb8       data     extern E:\3.46\pic18-lt\cxx-framework\src\traditional\proc\p18f4620.asm
                  BAUDCON   0x000fb8       data     extern E:\3.46\pic18-lt\cxx-framework\src\traditional\proc\p18f4620.asm
              CCP2CONbits   0x000fba       data     extern E:\3.46\pic18-lt\cxx-framework\src\traditional\proc\p18f4620.asm
                  CCP2CON   0x000fba       data     extern E:\3.46\pic18-lt\cxx-framework\src\traditional\proc\p18f4620.asm
                    CCPR2   0x000fbb       data     extern E:\3.46\pic18-lt\cxx-framework\src\traditional\proc\p18f4620.asm
                   CCPR2L   0x000fbb       data     extern E:\3.46\pic18-lt\cxx-framework\src\traditional\proc\p18f4620.asm
                   CCPR2H   0x000fbc       data     extern E:\3.46\pic18-lt\cxx-framework\src\traditional\proc\p18f4620.asm
              CCP1CONbits   0x000fbd       data     extern E:\3.46\pic18-lt\cxx-framework\src\traditional\proc\p18f4620.asm
                  CCP1CON   0x000fbd       data     extern E:\3.46\pic18-lt\cxx-framework\src\traditional\proc\p18f4620.asm
                    CCPR1   0x000fbe       data     extern E:\3.46\pic18-lt\cxx-framework\src\traditional\proc\p18f4620.asm
                   CCPR1L   0x000fbe       data     extern E:\3.46\pic18-lt\cxx-framework\src\traditional\proc\p18f4620.asm
                   CCPR1H   0x000fbf       data     extern E:\3.46\pic18-lt\cxx-framework\src\traditional\proc\p18f4620.asm
               ADCON2bits   0x000fc0       data     extern E:\3.46\pic18-lt\cxx-framework\src\traditional\proc\p18f4620.asm
                   ADCON2   0x000fc0       data     extern E:\3.46\pic18-lt\cxx-framework\src\traditional\proc\p18f4620.asm
               ADCON1bits   0x000fc1       data     extern E:\3.46\pic18-lt\cxx-framework\src\traditional\proc\p18f4620.asm
                   ADCON1   0x000fc1       data     extern E:\3.46\pic18-lt\cxx-framework\src\traditional\proc\p18f4620.asm
               ADCON0bits   0x000fc2       data     extern E:\3.46\pic18-lt\cxx-framework\src\traditional\proc\p18f4620.asm
                   ADCON0   0x000fc2       data     extern E:\3.46\pic18-lt\cxx-framework\src\traditional\proc\p18f4620.asm
                    ADRES   0x000fc3       data     extern E:\3.46\pic18-lt\cxx-framework\src\traditional\proc\p18f4620.asm
                   ADRESL   0x000fc3       data     extern E:\3.46\pic18-lt\cxx-framework\src\traditional\proc\p18f4620.asm
                   ADRESH   0x000fc4       data     extern E:\3.46\pic18-lt\cxx-framework\src\traditional\proc\p18f4620.asm
              SSPCON2bits   0x000fc5       data     extern E:\3.46\pic18-lt\cxx-framework\src\traditional\proc\p18f4620.asm
                  SSPCON2   0x000fc5       data     extern E:\3.46\pic18-lt\cxx-framework\src\traditional\proc\p18f4620.asm
              SSPCON1bits   0x000fc6       data     extern E:\3.46\pic18-lt\cxx-framework\src\traditional\proc\p18f4620.asm
                  SSPCON1   0x000fc6       data     extern E:\3.46\pic18-lt\cxx-framework\src\traditional\proc\p18f4620.asm
              SSPSTATbits   0x000fc7       data     extern E:\3.46\pic18-lt\cxx-framework\src\traditional\proc\p18f4620.asm
                  SSPSTAT   0x000fc7       data     extern E:\3.46\pic18-lt\cxx-framework\src\traditional\proc\p18f4620.asm
                   SSPADD   0x000fc8       data     extern E:\3.46\pic18-lt\cxx-framework\src\traditional\proc\p18f4620.asm
                   SSPBUF   0x000fc9       data     extern E:\3.46\pic18-lt\cxx-framework\src\traditional\proc\p18f4620.asm
                    T2CON   0x000fca       data     extern E:\3.46\pic18-lt\cxx-framework\src\traditional\proc\p18f4620.asm
                T2CONbits   0x000fca       data     extern E:\3.46\pic18-lt\cxx-framework\src\traditional\proc\p18f4620.asm
                      PR2   0x000fcb       data     extern E:\3.46\pic18-lt\cxx-framework\src\traditional\proc\p18f4620.asm
                     TMR2   0x000fcc       data     extern E:\3.46\pic18-lt\cxx-framework\src\traditional\proc\p18f4620.asm
                T1CONbits   0x000fcd       data     extern E:\3.46\pic18-lt\cxx-framework\src\traditional\proc\p18f4620.asm
                    T1CON   0x000fcd       data     extern E:\3.46\pic18-lt\cxx-framework\src\traditional\proc\p18f4620.asm
                    TMR1L   0x000fce       data     extern E:\3.46\pic18-lt\cxx-framework\src\traditional\proc\p18f4620.asm
                    TMR1H   0x000fcf       data     extern E:\3.46\pic18-lt\cxx-framework\src\traditional\proc\p18f4620.asm
                     RCON   0x000fd0       data     extern E:\3.46\pic18-lt\cxx-framework\src\traditional\proc\p18f4620.asm
                 RCONbits   0x000fd0       data     extern E:\3.46\pic18-lt\cxx-framework\src\traditional\proc\p18f4620.asm
               WDTCONbits   0x000fd1       data     extern E:\3.46\pic18-lt\cxx-framework\src\traditional\proc\p18f4620.asm
                   WDTCON   0x000fd1       data     extern E:\3.46\pic18-lt\cxx-framework\src\traditional\proc\p18f4620.asm
                  HLVDCON   0x000fd2       data     extern E:\3.46\pic18-lt\cxx-framework\src\traditional\proc\p18f4620.asm
              HLVDCONbits   0x000fd2       data     extern E:\3.46\pic18-lt\cxx-framework\src\traditional\proc\p18f4620.asm
                   LVDCON   0x000fd2       data     extern E:\3.46\pic18-lt\cxx-framework\src\traditional\proc\p18f4620.asm
               LVDCONbits   0x000fd2       data     extern E:\3.46\pic18-lt\cxx-framework\src\traditional\proc\p18f4620.asm
                   OSCCON   0x000fd3       data     extern E:\3.46\pic18-lt\cxx-framework\src\traditional\proc\p18f4620.asm
               OSCCONbits   0x000fd3       data     extern E:\3.46\pic18-lt\cxx-framework\src\traditional\proc\p18f4620.asm
                    T0CON   0x000fd5       data     extern E:\3.46\pic18-lt\cxx-framework\src\traditional\proc\p18f4620.asm
                T0CONbits   0x000fd5       data     extern E:\3.46\pic18-lt\cxx-framework\src\traditional\proc\p18f4620.asm
                    TMR0L   0x000fd6       data     extern E:\3.46\pic18-lt\cxx-framework\src\traditional\proc\p18f4620.asm
                    TMR0H   0x000fd7       data     extern E:\3.46\pic18-lt\cxx-framework\src\traditional\proc\p18f4620.asm
               STATUSbits   0x000fd8       data     extern E:\3.46\pic18-lt\cxx-framework\src\traditional\proc\p18f4620.asm
                   STATUS   0x000fd8       data     extern E:\3.46\pic18-lt\cxx-framework\src\traditional\proc\p18f4620.asm
                     FSR2   0x000fd9       data     extern E:\3.46\pic18-lt\cxx-framework\src\traditional\proc\p18f4620.asm
                    FSR2L   0x000fd9       data     extern E:\3.46\pic18-lt\cxx-framework\src\traditional\proc\p18f4620.asm
                    FSR2H   0x000fda       data     extern E:\3.46\pic18-lt\cxx-framework\src\traditional\proc\p18f4620.asm
                   PLUSW2   0x000fdb       data     extern E:\3.46\pic18-lt\cxx-framework\src\traditional\proc\p18f4620.asm
                  PREINC2   0x000fdc       data     extern E:\3.46\pic18-lt\cxx-framework\src\traditional\proc\p18f4620.asm
                 POSTDEC2   0x000fdd       data     extern E:\3.46\pic18-lt\cxx-framework\src\traditional\proc\p18f4620.asm
                 POSTINC2   0x000fde       data     extern E:\3.46\pic18-lt\cxx-framework\src\traditional\proc\p18f4620.asm
                    INDF2   0x000fdf       data     extern E:\3.46\pic18-lt\cxx-framework\src\traditional\proc\p18f4620.asm
                      BSR   0x000fe0       data     extern E:\3.46\pic18-lt\cxx-framework\src\traditional\proc\p18f4620.asm
                     FSR1   0x000fe1       data     extern E:\3.46\pic18-lt\cxx-framework\src\traditional\proc\p18f4620.asm
                    FSR1L   0x000fe1       data     extern E:\3.46\pic18-lt\cxx-framework\src\traditional\proc\p18f4620.asm
                    FSR1H   0x000fe2       data     extern E:\3.46\pic18-lt\cxx-framework\src\traditional\proc\p18f4620.asm
                   PLUSW1   0x000fe3       data     extern E:\3.46\pic18-lt\cxx-framework\src\traditional\proc\p18f4620.asm
                  PREINC1   0x000fe4       data     extern E:\3.46\pic18-lt\cxx-framework\src\traditional\proc\p18f4620.asm
                 POSTDEC1   0x000fe5       data     extern E:\3.46\pic18-lt\cxx-framework\src\traditional\proc\p18f4620.asm
                 POSTINC1   0x000fe6       data     extern E:\3.46\pic18-lt\cxx-framework\src\traditional\proc\p18f4620.asm
                    INDF1   0x000fe7       data     extern E:\3.46\pic18-lt\cxx-framework\src\traditional\proc\p18f4620.asm
                     WREG   0x000fe8       data     extern E:\3.46\pic18-lt\cxx-framework\src\traditional\proc\p18f4620.asm
                        W   0x000fe8       data     extern E:\3.46\pic18-lt\cxx-framework\src\traditional\proc\p18f4620.asm
                    FSR0L   0x000fe9       data     extern E:\3.46\pic18-lt\cxx-framework\src\traditional\proc\p18f4620.asm
                     FSR0   0x000fe9       data     extern E:\3.46\pic18-lt\cxx-framework\src\traditional\proc\p18f4620.asm
                    FSR0H   0x000fea       data     extern E:\3.46\pic18-lt\cxx-framework\src\traditional\proc\p18f4620.asm
                   PLUSW0   0x000feb       data     extern E:\3.46\pic18-lt\cxx-framework\src\traditional\proc\p18f4620.asm
                  PREINC0   0x000fec       data     extern E:\3.46\pic18-lt\cxx-framework\src\traditional\proc\p18f4620.asm
                 POSTDEC0   0x000fed       data     extern E:\3.46\pic18-lt\cxx-framework\src\traditional\proc\p18f4620.asm
                 POSTINC0   0x000fee       data     extern E:\3.46\pic18-lt\cxx-framework\src\traditional\proc\p18f4620.asm
                    INDF0   0x000fef       data     extern E:\3.46\pic18-lt\cxx-framework\src\traditional\proc\p18f4620.asm
                  INTCON3   0x000ff0       data     extern E:\3.46\pic18-lt\cxx-framework\src\traditional\proc\p18f4620.asm
              INTCON3bits   0x000ff0       data     extern E:\3.46\pic18-lt\cxx-framework\src\traditional\proc\p18f4620.asm
              INTCON2bits   0x000ff1       data     extern E:\3.46\pic18-lt\cxx-framework\src\traditional\proc\p18f4620.asm
                  INTCON2   0x000ff1       data     extern E:\3.46\pic18-lt\cxx-framework\src\traditional\proc\p18f4620.asm
                   INTCON   0x000ff2       data     extern E:\3.46\pic18-lt\cxx-framework\src\traditional\proc\p18f4620.asm
               INTCONbits   0x000ff2       data     extern E:\3.46\pic18-lt\cxx-framework\src\traditional\proc\p18f4620.asm
                     PROD   0x000ff3       data     extern E:\3.46\pic18-lt\cxx-framework\src\traditional\proc\p18f4620.asm
                    PRODL   0x000ff3       data     extern E:\3.46\pic18-lt\cxx-framework\src\traditional\proc\p18f4620.asm
                    PRODH   0x000ff4       data     extern E:\3.46\pic18-lt\cxx-framework\src\traditional\proc\p18f4620.asm
                   TABLAT   0x000ff5       data     extern E:\3.46\pic18-lt\cxx-framework\src\traditional\proc\p18f4620.asm
                  TBLPTRL   0x000ff6       data     extern E:\3.46\pic18-lt\cxx-framework\src\traditional\proc\p18f4620.asm
                   TBLPTR   0x000ff6       data     extern E:\3.46\pic18-lt\cxx-framework\src\traditional\proc\p18f4620.asm
                  TBLPTRH   0x000ff7       data     extern E:\3.46\pic18-lt\cxx-framework\src\traditional\proc\p18f4620.asm
                  TBLPTRU   0x000ff8       data     extern E:\3.46\pic18-lt\cxx-framework\src\traditional\proc\p18f4620.asm
                      PCL   0x000ff9       data     extern E:\3.46\pic18-lt\cxx-framework\src\traditional\proc\p18f4620.asm
                       PC   0x000ff9       data     extern E:\3.46\pic18-lt\cxx-framework\src\traditional\proc\p18f4620.asm
                   PCLATH   0x000ffa       data     extern E:\3.46\pic18-lt\cxx-framework\src\traditional\proc\p18f4620.asm
                   PCLATU   0x000ffb       data     extern E:\3.46\pic18-lt\cxx-framework\src\traditional\proc\p18f4620.asm
               STKPTRbits   0x000ffc       data     extern E:\3.46\pic18-lt\cxx-framework\src\traditional\proc\p18f4620.asm
                   STKPTR   0x000ffc       data     extern E:\3.46\pic18-lt\cxx-framework\src\traditional\proc\p18f4620.asm
                      TOS   0x000ffd       data     extern E:\3.46\pic18-lt\cxx-framework\src\traditional\proc\p18f4620.asm
                     TOSL   0x000ffd       data     extern E:\3.46\pic18-lt\cxx-framework\src\traditional\proc\p18f4620.asm
                     TOSH   0x000ffe       data     extern E:\3.46\pic18-lt\cxx-framework\src\traditional\proc\p18f4620.asm
                     TOSU   0x000fff       data     extern E:\3.46\pic18-lt\cxx-framework\src\traditional\proc\p18f4620.asm


